Archive member included to satisfy reference by file (symbol)

D:/ST/STM32CubeIDE_1.13.1/STM32CubeIDE/plugins/com.st.stm32cube.ide.mcu.externaltools.gnu-tools-for-stm32.11.3.rel1.win32_1.1.100.202309141235/tools/bin/../lib/gcc/arm-none-eabi/11.3.1/../../../../arm-none-eabi/lib/thumb/v7-m/nofp\libc_nano.a(libc_a-exit.o)
                              D:/ST/STM32CubeIDE_1.13.1/STM32CubeIDE/plugins/com.st.stm32cube.ide.mcu.externaltools.gnu-tools-for-stm32.11.3.rel1.win32_1.1.100.202309141235/tools/bin/../lib/gcc/arm-none-eabi/11.3.1/../../../../arm-none-eabi/lib/thumb/v7-m/nofp/crt0.o (exit)
D:/ST/STM32CubeIDE_1.13.1/STM32CubeIDE/plugins/com.st.stm32cube.ide.mcu.externaltools.gnu-tools-for-stm32.11.3.rel1.win32_1.1.100.202309141235/tools/bin/../lib/gcc/arm-none-eabi/11.3.1/../../../../arm-none-eabi/lib/thumb/v7-m/nofp\libc_nano.a(libc_a-findfp.o)
                              D:/ST/STM32CubeIDE_1.13.1/STM32CubeIDE/plugins/com.st.stm32cube.ide.mcu.externaltools.gnu-tools-for-stm32.11.3.rel1.win32_1.1.100.202309141235/tools/bin/../lib/gcc/arm-none-eabi/11.3.1/../../../../arm-none-eabi/lib/thumb/v7-m/nofp\libc_nano.a(libc_a-exit.o) (__stdio_exit_handler)
D:/ST/STM32CubeIDE_1.13.1/STM32CubeIDE/plugins/com.st.stm32cube.ide.mcu.externaltools.gnu-tools-for-stm32.11.3.rel1.win32_1.1.100.202309141235/tools/bin/../lib/gcc/arm-none-eabi/11.3.1/../../../../arm-none-eabi/lib/thumb/v7-m/nofp\libc_nano.a(libc_a-fwalk.o)
                              D:/ST/STM32CubeIDE_1.13.1/STM32CubeIDE/plugins/com.st.stm32cube.ide.mcu.externaltools.gnu-tools-for-stm32.11.3.rel1.win32_1.1.100.202309141235/tools/bin/../lib/gcc/arm-none-eabi/11.3.1/../../../../arm-none-eabi/lib/thumb/v7-m/nofp\libc_nano.a(libc_a-findfp.o) (_fwalk_sglue)
D:/ST/STM32CubeIDE_1.13.1/STM32CubeIDE/plugins/com.st.stm32cube.ide.mcu.externaltools.gnu-tools-for-stm32.11.3.rel1.win32_1.1.100.202309141235/tools/bin/../lib/gcc/arm-none-eabi/11.3.1/../../../../arm-none-eabi/lib/thumb/v7-m/nofp\libc_nano.a(libc_a-stdio.o)
                              D:/ST/STM32CubeIDE_1.13.1/STM32CubeIDE/plugins/com.st.stm32cube.ide.mcu.externaltools.gnu-tools-for-stm32.11.3.rel1.win32_1.1.100.202309141235/tools/bin/../lib/gcc/arm-none-eabi/11.3.1/../../../../arm-none-eabi/lib/thumb/v7-m/nofp\libc_nano.a(libc_a-findfp.o) (__sread)
D:/ST/STM32CubeIDE_1.13.1/STM32CubeIDE/plugins/com.st.stm32cube.ide.mcu.externaltools.gnu-tools-for-stm32.11.3.rel1.win32_1.1.100.202309141235/tools/bin/../lib/gcc/arm-none-eabi/11.3.1/../../../../arm-none-eabi/lib/thumb/v7-m/nofp\libc_nano.a(libc_a-memset.o)
                              D:/ST/STM32CubeIDE_1.13.1/STM32CubeIDE/plugins/com.st.stm32cube.ide.mcu.externaltools.gnu-tools-for-stm32.11.3.rel1.win32_1.1.100.202309141235/tools/bin/../lib/gcc/arm-none-eabi/11.3.1/../../../../arm-none-eabi/lib/thumb/v7-m/nofp/crt0.o (memset)
D:/ST/STM32CubeIDE_1.13.1/STM32CubeIDE/plugins/com.st.stm32cube.ide.mcu.externaltools.gnu-tools-for-stm32.11.3.rel1.win32_1.1.100.202309141235/tools/bin/../lib/gcc/arm-none-eabi/11.3.1/../../../../arm-none-eabi/lib/thumb/v7-m/nofp\libc_nano.a(libc_a-closer.o)
                              D:/ST/STM32CubeIDE_1.13.1/STM32CubeIDE/plugins/com.st.stm32cube.ide.mcu.externaltools.gnu-tools-for-stm32.11.3.rel1.win32_1.1.100.202309141235/tools/bin/../lib/gcc/arm-none-eabi/11.3.1/../../../../arm-none-eabi/lib/thumb/v7-m/nofp\libc_nano.a(libc_a-stdio.o) (_close_r)
D:/ST/STM32CubeIDE_1.13.1/STM32CubeIDE/plugins/com.st.stm32cube.ide.mcu.externaltools.gnu-tools-for-stm32.11.3.rel1.win32_1.1.100.202309141235/tools/bin/../lib/gcc/arm-none-eabi/11.3.1/../../../../arm-none-eabi/lib/thumb/v7-m/nofp\libc_nano.a(libc_a-reent.o)
                              D:/ST/STM32CubeIDE_1.13.1/STM32CubeIDE/plugins/com.st.stm32cube.ide.mcu.externaltools.gnu-tools-for-stm32.11.3.rel1.win32_1.1.100.202309141235/tools/bin/../lib/gcc/arm-none-eabi/11.3.1/../../../../arm-none-eabi/lib/thumb/v7-m/nofp\libc_nano.a(libc_a-closer.o) (errno)
D:/ST/STM32CubeIDE_1.13.1/STM32CubeIDE/plugins/com.st.stm32cube.ide.mcu.externaltools.gnu-tools-for-stm32.11.3.rel1.win32_1.1.100.202309141235/tools/bin/../lib/gcc/arm-none-eabi/11.3.1/../../../../arm-none-eabi/lib/thumb/v7-m/nofp\libc_nano.a(libc_a-impure.o)
                              D:/ST/STM32CubeIDE_1.13.1/STM32CubeIDE/plugins/com.st.stm32cube.ide.mcu.externaltools.gnu-tools-for-stm32.11.3.rel1.win32_1.1.100.202309141235/tools/bin/../lib/gcc/arm-none-eabi/11.3.1/../../../../arm-none-eabi/lib/thumb/v7-m/nofp\libc_nano.a(libc_a-reent.o) (_impure_ptr)
D:/ST/STM32CubeIDE_1.13.1/STM32CubeIDE/plugins/com.st.stm32cube.ide.mcu.externaltools.gnu-tools-for-stm32.11.3.rel1.win32_1.1.100.202309141235/tools/bin/../lib/gcc/arm-none-eabi/11.3.1/../../../../arm-none-eabi/lib/thumb/v7-m/nofp\libc_nano.a(libc_a-lseekr.o)
[...]
Memory Configuration

Name             Origin             Length             Attributes
RAM              0x0000000020000000 0x0000000000005000 xrw
FLASH            0x0000000008000000 0x0000000000010000 xr
*default*        0x0000000000000000 0xffffffffffffffff

Linker script and memory map

LOAD D:/ST/STM32CubeIDE_1.13.1/STM32CubeIDE/plugins/com.st.stm32cube.ide.mcu.externaltools.gnu-tools-for-stm32.11.3.rel1.win32_1.1.100.202309141235/tools/bin/../lib/gcc/arm-none-eabi/11.3.1/thumb/v7-m/nofp/crti.o
LOAD D:/ST/STM32CubeIDE_1.13.1/STM32CubeIDE/plugins/com.st.stm32cube.ide.mcu.externaltools.gnu-tools-for-stm32.11.3.rel1.win32_1.1.100.202309141235/tools/bin/../lib/gcc/arm-none-eabi/11.3.1/thumb/v7-m/nofp/crtbegin.o
LOAD D:/ST/STM32CubeIDE_1.13.1/STM32CubeIDE/plugins/com.st.stm32cube.ide.mcu.externaltools.gnu-tools-for-stm32.11.3.rel1.win32_1.1.100.202309141235/tools/bin/../lib/gcc/arm-none-eabi/11.3.1/../../../../arm-none-eabi/lib/thumb/v7-m/nofp/crt0.o
LOAD ./Core/Src/gpio.o
LOAD ./Core/Src/main.o
LOAD ./Core/Src/stm32f1xx_hal_msp.o
LOAD ./Core/Src/stm32f1xx_it.o
LOAD ./Core/Src/syscalls.o
LOAD ./Core/Src/sysmem.o
LOAD ./Core/Src/system_stm32f1xx.o
LOAD ./Core/Src/tim.o
LOAD ./Core/Src/usart.o
LOAD ./Core/Startup/startup_stm32f103c8tx.o
LOAD ./Drivers/STM32F1xx_HAL_Driver/Src/stm32f1xx_hal.o
LOAD ./Drivers/STM32F1xx_HAL_Driver/Src/stm32f1xx_hal_cortex.o
LOAD ./Drivers/STM32F1xx_HAL_Driver/Src/stm32f1xx_hal_dma.o
LOAD ./Drivers/STM32F1xx_HAL_Driver/Src/stm32f1xx_hal_exti.o
LOAD ./Drivers/STM32F1xx_HAL_Driver/Src/stm32f1xx_hal_flash.o
LOAD ./Drivers/STM32F1xx_HAL_Driver/Src/stm32f1xx_hal_flash_ex.o
LOAD ./Drivers/STM32F1xx_HAL_Driver/Src/stm32f1xx_hal_gpio.o
LOAD ./Drivers/STM32F1xx_HAL_Driver/Src/stm32f1xx_hal_gpio_ex.o
LOAD ./Drivers/STM32F1xx_HAL_Driver/Src/stm32f1xx_hal_pwr.o
LOAD ./Drivers/STM32F1xx_HAL_Driver/Src/stm32f1xx_hal_rcc.o
LOAD ./Drivers/STM32F1xx_HAL_Driver/Src/stm32f1xx_hal_rcc_ex.o
LOAD ./Drivers/STM32F1xx_HAL_Driver/Src/stm32f1xx_hal_tim.o
LOAD ./Drivers/STM32F1xx_HAL_Driver/Src/stm32f1xx_hal_tim_ex.o
LOAD ./Drivers/STM32F1xx_HAL_Driver/Src/stm32f1xx_hal_uart.o
LOAD ./User/CS5530/CS5530.o
LOAD ./User/CS5530/data_filter.o
LOAD ./User/CS5530/soft_SPI.o
LOAD ./User/modbus/message.o
LOAD ./User/modbus/modbus.o
LOAD ./User/user_bsp/flash.o
LOAD ./User/user_bsp/fmc_flash.o
LOAD ./User/user_bsp/user_uart.o
START GROUP
LOAD D:/ST/STM32CubeIDE_1.13.1/STM32CubeIDE/plugins/com.st.stm32cube.ide.mcu.externaltools.gnu-tools-for-stm32.11.3.rel1.win32_1.1.100.202309141235/tools/bin/../lib/gcc/arm-none-eabi/11.3.1/../../../../arm-none-eabi/lib/thumb/v7-m/nofp\libc_nano.a
LOAD D:/ST/STM32CubeIDE_1.13.1/STM32CubeIDE/plugins/com.st.stm32cube.ide.mcu.externaltools.gnu-tools-for-stm32.11.3.rel1.win32_1.1.100.202309141235/tools/bin/../lib/gcc/arm-none-eabi/11.3.1/../../../../arm-none-eabi/lib/thumb/v7-m/nofp\libm.a
END GROUP
START GROUP
LOAD D:/ST/STM32CubeIDE_1.13.1/STM32CubeIDE/plugins/com.st.stm32cube.ide.mcu.externaltools.gnu-tools-for-stm32.11.3.rel1.win32_1.1.100.202309141235/tools/bin/../lib/gcc/arm-none-eabi/11.3.1/thumb/v7-m/nofp\libgcc.a
LOAD D:/ST/STM32CubeIDE_1.13.1/STM32CubeIDE/plugins/com.st.stm32cube.ide.mcu.externaltools.gnu-tools-for-stm32.11.3.rel1.win32_1.1.100.202309141235/tools/bin/../lib/gcc/arm-none-eabi/11.3.1/../../../../arm-none-eabi/lib/thumb/v7-m/nofp\libc_nano.a
END GROUP
START GROUP
LOAD D:/ST/STM32CubeIDE_1.13.1/STM32CubeIDE/plugins/com.st.stm32cube.ide.mcu.externaltools.gnu-tools-for-stm32.11.3.rel1.win32_1.1.100.202309141235/tools/bin/../lib/gcc/arm-none-eabi/11.3.1/thumb/v7-m/nofp\libgcc.a
LOAD D:/ST/STM32CubeIDE_1.13.1/STM32CubeIDE/plugins/com.st.stm32cube.ide.mcu.externaltools.gnu-tools-for-stm32.11.3.rel1.win32_1.1.100.202309141235/tools/bin/../lib/gcc/arm-none-eabi/11.3.1/../../../../arm-none-eabi/lib/thumb/v7-m/nofp\libc_nano.a
LOAD D:/ST/STM32CubeIDE_1.13.1/STM32CubeIDE/plugins/com.st.stm32cube.ide.mcu.externaltools.gnu-tools-for-stm32.11.3.rel1.win32_1.1.100.202309141235/tools/bin/../lib/gcc/arm-none-eabi/11.3.1/../../../../arm-none-eabi/lib/thumb/v7-m/nofp\libnosys.a
END GROUP
START GROUP
LOAD D:/ST/STM32CubeIDE_1.13.1/STM32CubeIDE/plugins/com.st.stm32cube.ide.mcu.externaltools.gnu-tools-for-stm32.11.3.rel1.win32_1.1.100.202309141235/tools/bin/../lib/gcc/arm-none-eabi/11.3.1/thumb/v7-m/nofp\libgcc.a
LOAD D:/ST/STM32CubeIDE_1.13.1/STM32CubeIDE/plugins/com.st.stm32cube.ide.mcu.externaltools.gnu-tools-for-stm32.11.3.rel1.win32_1.1.100.202309141235/tools/bin/../lib/gcc/arm-none-eabi/11.3.1/../../../../arm-none-eabi/lib/thumb/v7-m/nofp\libc_nano.a
LOAD D:/ST/STM32CubeIDE_1.13.1/STM32CubeIDE/plugins/com.st.stm32cube.ide.mcu.externaltools.gnu-tools-for-stm32.11.3.rel1.win32_1.1.100.202309141235/tools/bin/../lib/gcc/arm-none-eabi/11.3.1/../../../../arm-none-eabi/lib/thumb/v7-m/nofp\libnosys.a
END GROUP
LOAD D:/ST/STM32CubeIDE_1.13.1/STM32CubeIDE/plugins/com.st.stm32cube.ide.mcu.externaltools.gnu-tools-for-stm32.11.3.rel1.win32_1.1.100.202309141235/tools/bin/../lib/gcc/arm-none-eabi/11.3.1/thumb/v7-m/nofp/crtend.o
LOAD D:/ST/STM32CubeIDE_1.13.1/STM32CubeIDE/plugins/com.st.stm32cube.ide.mcu.externaltools.gnu-tools-for-stm32.11.3.rel1.win32_1.1.100.202309141235/tools/bin/../lib/gcc/arm-none-eabi/11.3.1/thumb/v7-m/nofp/crtn.o
                0x0000000020005000                _estack = (ORIGIN (RAM) + LENGTH (RAM))
                0x0000000000000200                _Min_Heap_Size = 0x200
                0x0000000000000400                _Min_Stack_Size = 0x400

.isr_vector     0x0000000008000000      0x10c
                0x0000000008000000                . = ALIGN (0x4)
 *(.isr_vector)
 .isr_vector    0x0000000008000000      0x10c ./Core/Startup/startup_stm32f103c8tx.o
                0x0000000008000000                g_pfnVectors
                0x000000000800010c                . = ALIGN (0x4)

.text           0x0000000008000110     0x53d0
                0x0000000008000110                . = ALIGN (0x4)
 *(.text)
 .text          0x0000000008000110       0x40 D:/ST/STM32CubeIDE_1.13.1/STM32CubeIDE/plugins/com.st.stm32cube.ide.mcu.externaltools.gnu-tools-for-stm32.11.3.rel1.win32_1.1.100.202309141235/tools/bin/../lib/gcc/arm-none-eabi/11.3.1/thumb/v7-m/nofp/crtbegin.o
 .text          0x0000000008000150      0x378 D:/ST/STM32CubeIDE_1.13.1/STM32CubeIDE/plugins/com.st.stm32cube.ide.mcu.externaltools.gnu-tools-for-stm32.11.3.rel1.win32_1.1.100.202309141235/tools/bin/../lib/gcc/arm-none-eabi/11.3.1/thumb/v7-m/nofp\libgcc.a(_arm_addsubdf3.o)
                0x0000000008000150                __aeabi_drsub
                0x0000000008000158                __aeabi_dsub
                0x0000000008000158                __subdf3
                0x000000000800015c                __aeabi_dadd
                0x000000000800015c                __adddf3
                0x00000000080003d4                __floatunsidf
                0x00000000080003d4                __aeabi_ui2d
                0x00000000080003f4                __floatsidf
                0x00000000080003f4                __aeabi_i2d
                0x0000000008000418                __aeabi_f2d
                0x0000000008000418                __extendsfdf2
                0x000000000800045c                __floatundidf
                0x000000000800045c                __aeabi_ul2d
                0x000000000800046c                __floatdidf
                0x000000000800046c                __aeabi_l2d
 .text          0x00000000080004c8      0x424 D:/ST/STM32CubeIDE_1.13.1/STM32CubeIDE/plugins/com.st.stm32cube.ide.mcu.externaltools.gnu-tools-for-stm32.11.3.rel1.win32_1.1.100.202309141235/tools/bin/../lib/gcc/arm-none-eabi/11.3.1/thumb/v7-m/nofp\libgcc.a(_arm_muldivdf3.o)
                0x00000000080004c8                __aeabi_dmul
                0x00000000080004c8                __muldf3
                0x000000000800071c                __divdf3
                0x000000000800071c                __aeabi_ddiv
 .text          0x00000000080008ec      0x110 D:/ST/STM32CubeIDE_1.13.1/STM32CubeIDE/plugins/com.st.stm32cube.ide.mcu.externaltools.gnu-tools-for-stm32.11.3.rel1.win32_1.1.100.202309141235/tools/bin/../lib/gcc/arm-none-eabi/11.3.1/thumb/v7-m/nofp\libgcc.a(_arm_cmpdf2.o)
                0x00000000080008ec                __gtdf2
                0x00000000080008ec                __gedf2
                0x00000000080008f4                __ltdf2
                0x00000000080008f4                __ledf2
                0x00000000080008fc                __nedf2
                0x00000000080008fc                __eqdf2
                0x00000000080008fc                __cmpdf2
                0x0000000008000978                __aeabi_cdrcmple
                0x0000000008000988                __aeabi_cdcmpeq
                0x0000000008000988                __aeabi_cdcmple
                0x0000000008000998                __aeabi_dcmpeq
                0x00000000080009ac                __aeabi_dcmplt
                0x00000000080009c0                __aeabi_dcmple
                0x00000000080009d4                __aeabi_dcmpge
                0x00000000080009e8                __aeabi_dcmpgt
 .text          0x00000000080009fc       0x50 D:/ST/STM32CubeIDE_1.13.1/STM32CubeIDE/plugins/com.st.stm32cube.ide.mcu.externaltools.gnu-tools-for-stm32.11.3.rel1.win32_1.1.100.202309141235/tools/bin/../lib/gcc/arm-none-eabi/11.3.1/thumb/v7-m/nofp\libgcc.a(_arm_fixdfsi.o)
                0x00000000080009fc                __aeabi_d2iz
                0x00000000080009fc                __fixdfsi
 .text          0x0000000008000a4c      0x21c D:/ST/STM32CubeIDE_1.13.1/STM32CubeIDE/plugins/com.st.stm32cube.ide.mcu.externaltools.gnu-tools-for-stm32.11.3.rel1.win32_1.1.100.202309141235/tools/bin/../lib/gcc/arm-none-eabi/11.3.1/thumb/v7-m/nofp\libgcc.a(_arm_addsubsf3.o)
                0x0000000008000a4c                __aeabi_frsub
                0x0000000008000a54                __subsf3
                0x0000000008000a54                __aeabi_fsub
                0x0000000008000a58                __aeabi_fadd
                0x0000000008000a58                __addsf3
                0x0000000008000bb8                __aeabi_ui2f
                0x0000000008000bb8                __floatunsisf
                0x0000000008000bc0                __aeabi_i2f
                0x0000000008000bc0                __floatsisf
                0x0000000008000bdc                __aeabi_ul2f
                0x0000000008000bdc                __floatundisf
                0x0000000008000bec                __aeabi_l2f
                0x0000000008000bec                __floatdisf
 .text          0x0000000008000c68      0x2a0 D:/ST/STM32CubeIDE_1.13.1/STM32CubeIDE/plugins/com.st.stm32cube.ide.mcu.externaltools.gnu-tools-for-stm32.11.3.rel1.win32_1.1.100.202309141235/tools/bin/../lib/gcc/arm-none-eabi/11.3.1/thumb/v7-m/nofp\libgcc.a(_arm_muldivsf3.o)
                0x0000000008000c68                __mulsf3
                0x0000000008000c68                __aeabi_fmul
                0x0000000008000dd0                __aeabi_fdiv
                0x0000000008000dd0                __divsf3
 .text          0x0000000008000f08       0x4c D:/ST/STM32CubeIDE_1.13.1/STM32CubeIDE/plugins/com.st.stm32cube.ide.mcu.externaltools.gnu-tools-for-stm32.11.3.rel1.win32_1.1.100.202309141235/tools/bin/../lib/gcc/arm-none-eabi/11.3.1/thumb/v7-m/nofp\libgcc.a(_arm_fixsfsi.o)
                0x0000000008000f08                __aeabi_f2iz
                0x0000000008000f08                __fixsfsi
 .text          0x0000000008000f54       0x40 D:/ST/STM32CubeIDE_1.13.1/STM32CubeIDE/plugins/com.st.stm32cube.ide.mcu.externaltools.gnu-tools-for-stm32.11.3.rel1.win32_1.1.100.202309141235/tools/bin/../lib/gcc/arm-none-eabi/11.3.1/thumb/v7-m/nofp\libgcc.a(_arm_fixunssfsi.o)
                0x0000000008000f54                __fixunssfsi
                0x0000000008000f54                __aeabi_f2uiz
 *(.text*)
 .text.MX_GPIO_Init
                0x0000000008000f94       0xd8 ./Core/Src/gpio.o
                0x0000000008000f94                MX_GPIO_Init
 .text.HAL_TIM_PeriodElapsedCallback
                0x000000000800106c       0x8c ./Core/Src/main.o
                0x000000000800106c                HAL_TIM_PeriodElapsedCallback
 .text.main     0x00000000080010f8       0x54 ./Core/Src/main.o
                0x00000000080010f8                main
 .text.SystemClock_Config
                0x000000000800114c       0x8a ./Core/Src/main.o
                0x000000000800114c                SystemClock_Config
 .text.Error_Handler
                0x00000000080011d6        0xa ./Core/Src/main.o
                0x00000000080011d6                Error_Handler
 .text.HAL_MspInit
                0x00000000080011e0       0x64 ./Core/Src/stm32f1xx_hal_msp.o
                0x00000000080011e0                HAL_MspInit
 .text.NMI_Handler
                0x0000000008001244        0x6 ./Core/Src/stm32f1xx_it.o
                0x0000000008001244                NMI_Handler
 .text.HardFault_Handler
                0x000000000800124a        0x6 ./Core/Src/stm32f1xx_it.o
                0x000000000800124a                HardFault_Handler
 .text.MemManage_Handler
                0x0000000008001250        0x6 ./Core/Src/stm32f1xx_it.o
                0x0000000008001250                MemManage_Handler
 .text.BusFault_Handler
                0x0000000008001256        0x6 ./Core/Src/stm32f1xx_it.o
                0x0000000008001256                BusFault_Handler
 .text.UsageFault_Handler
                0x000000000800125c        0x6 ./Core/Src/stm32f1xx_it.o
                0x000000000800125c                UsageFault_Handler
 .text.SVC_Handler
                0x0000000008001262        0xc ./Core/Src/stm32f1xx_it.o
                0x0000000008001262                SVC_Handler
 .text.DebugMon_Handler
                0x000000000800126e        0xc ./Core/Src/stm32f1xx_it.o
                0x000000000800126e                DebugMon_Handler
 .text.PendSV_Handler
                0x000000000800127a        0xc ./Core/Src/stm32f1xx_it.o
                0x000000000800127a                PendSV_Handler
 .text.SysTick_Handler
                0x0000000008001286        0xc ./Core/Src/stm32f1xx_it.o
                0x0000000008001286                SysTick_Handler
 *fill*         0x0000000008001292        0x2 
 .text.TIM2_IRQHandler
                0x0000000008001294       0x14 ./Core/Src/stm32f1xx_it.o
                0x0000000008001294                TIM2_IRQHandler
 .text.TIM3_IRQHandler
                0x00000000080012a8       0x14 ./Core/Src/stm32f1xx_it.o
                0x00000000080012a8                TIM3_IRQHandler
 .text.USART1_IRQHandler
                0x00000000080012bc       0x14 ./Core/Src/stm32f1xx_it.o
                0x00000000080012bc                USART1_IRQHandler
 .text.USART3_IRQHandler
                0x00000000080012d0       0x14 ./Core/Src/stm32f1xx_it.o
                0x00000000080012d0                USART3_IRQHandler
 .text.SystemInit
                0x00000000080012e4        0xc ./Core/Src/system_stm32f1xx.o
                0x00000000080012e4                SystemInit
 .text.MX_TIM2_Init
                0x00000000080012f0       0x98 ./Core/Src/tim.o
                0x00000000080012f0                MX_TIM2_Init
 .text.MX_TIM3_Init
                0x0000000008001388       0x9c ./Core/Src/tim.o
                0x0000000008001388                MX_TIM3_Init
 .text.HAL_TIM_Base_MspInit
                0x0000000008001424       0x80 ./Core/Src/tim.o
                0x0000000008001424                HAL_TIM_Base_MspInit
 .text.MX_USART1_UART_Init
                0x00000000080014a4       0x54 ./Core/Src/usart.o
                0x00000000080014a4                MX_USART1_UART_Init
 .text.MX_USART3_UART_Init
                0x00000000080014f8       0x54 ./Core/Src/usart.o
                0x00000000080014f8                MX_USART3_UART_Init
 .text.HAL_UART_MspInit
                0x000000000800154c      0x130 ./Core/Src/usart.o
                0x000000000800154c                HAL_UART_MspInit
 .text.Reset_Handler
                0x000000000800167c       0x48 ./Core/Startup/startup_stm32f103c8tx.o
                0x000000000800167c                Reset_Handler
 .text.Default_Handler
                0x00000000080016c4        0x2 ./Core/Startup/startup_stm32f103c8tx.o
                0x00000000080016c4                RTC_Alarm_IRQHandler
                0x00000000080016c4                EXTI2_IRQHandler
                0x00000000080016c4                TIM1_CC_IRQHandler
                0x00000000080016c4                PVD_IRQHandler
                0x00000000080016c4                EXTI3_IRQHandler
                0x00000000080016c4                EXTI0_IRQHandler
                0x00000000080016c4                I2C2_EV_IRQHandler
                0x00000000080016c4                ADC1_2_IRQHandler
                0x00000000080016c4                SPI1_IRQHandler
                0x00000000080016c4                TAMPER_IRQHandler
                0x00000000080016c4                DMA1_Channel4_IRQHandler
                0x00000000080016c4                RTC_IRQHandler
                0x00000000080016c4                DMA1_Channel7_IRQHandler
                0x00000000080016c4                CAN1_RX1_IRQHandler
                0x00000000080016c4                TIM4_IRQHandler
                0x00000000080016c4                I2C1_EV_IRQHandler
                0x00000000080016c4                DMA1_Channel6_IRQHandler
                0x00000000080016c4                RCC_IRQHandler
                0x00000000080016c4                TIM1_TRG_COM_IRQHandler
                0x00000000080016c4                DMA1_Channel1_IRQHandler
                0x00000000080016c4                Default_Handler
                0x00000000080016c4                EXTI15_10_IRQHandler
                0x00000000080016c4                EXTI9_5_IRQHandler
                0x00000000080016c4                SPI2_IRQHandler
                0x00000000080016c4                DMA1_Channel5_IRQHandler
                0x00000000080016c4                EXTI4_IRQHandler
                0x00000000080016c4                USB_LP_CAN1_RX0_IRQHandler
                0x00000000080016c4                USB_HP_CAN1_TX_IRQHandler
                0x00000000080016c4                DMA1_Channel3_IRQHandler
                0x00000000080016c4                TIM1_UP_IRQHandler
                0x00000000080016c4                WWDG_IRQHandler
                0x00000000080016c4                TIM1_BRK_IRQHandler
                0x00000000080016c4                EXTI1_IRQHandler
                0x00000000080016c4                USART2_IRQHandler
                0x00000000080016c4                I2C2_ER_IRQHandler
                0x00000000080016c4                DMA1_Channel2_IRQHandler
                0x00000000080016c4                CAN1_SCE_IRQHandler
                0x00000000080016c4                FLASH_IRQHandler
                0x00000000080016c4                I2C1_ER_IRQHandler
                0x00000000080016c4                USBWakeUp_IRQHandler
 *fill*         0x00000000080016c6        0x2 
 .text.HAL_Init
                0x00000000080016c8       0x2c ./Drivers/STM32F1xx_HAL_Driver/Src/stm32f1xx_hal.o
                0x00000000080016c8                HAL_Init
 .text.HAL_InitTick
                0x00000000080016f4       0x60 ./Drivers/STM32F1xx_HAL_Driver/Src/stm32f1xx_hal.o
                0x00000000080016f4                HAL_InitTick
 .text.HAL_IncTick
                0x0000000008001754       0x24 ./Drivers/STM32F1xx_HAL_Driver/Src/stm32f1xx_hal.o
                0x0000000008001754                HAL_IncTick
 .text.HAL_GetTick
                0x0000000008001778       0x14 ./Drivers/STM32F1xx_HAL_Driver/Src/stm32f1xx_hal.o
                0x0000000008001778                HAL_GetTick
 .text.HAL_Delay
                0x000000000800178c       0x48 ./Drivers/STM32F1xx_HAL_Driver/Src/stm32f1xx_hal.o
                0x000000000800178c                HAL_Delay
 .text.__NVIC_SetPriorityGrouping
                0x00000000080017d4       0x48 ./Drivers/STM32F1xx_HAL_Driver/Src/stm32f1xx_hal_cortex.o
 .text.__NVIC_GetPriorityGrouping
                0x000000000800181c       0x1c ./Drivers/STM32F1xx_HAL_Driver/Src/stm32f1xx_hal_cortex.o
 .text.__NVIC_EnableIRQ
                0x0000000008001838       0x38 ./Drivers/STM32F1xx_HAL_Driver/Src/stm32f1xx_hal_cortex.o
 .text.__NVIC_SetPriority
                0x0000000008001870       0x54 ./Drivers/STM32F1xx_HAL_Driver/Src/stm32f1xx_hal_cortex.o
 .text.NVIC_EncodePriority
                0x00000000080018c4       0x64 ./Drivers/STM32F1xx_HAL_Driver/Src/stm32f1xx_hal_cortex.o
 .text.SysTick_Config
                0x0000000008001928       0x44 ./Drivers/STM32F1xx_HAL_Driver/Src/stm32f1xx_hal_cortex.o
 .text.HAL_NVIC_SetPriorityGrouping
                0x000000000800196c       0x16 ./Drivers/STM32F1xx_HAL_Driver/Src/stm32f1xx_hal_cortex.o
                0x000000000800196c                HAL_NVIC_SetPriorityGrouping
 .text.HAL_NVIC_SetPriority
                0x0000000008001982       0x38 ./Drivers/STM32F1xx_HAL_Driver/Src/stm32f1xx_hal_cortex.o
                0x0000000008001982                HAL_NVIC_SetPriority
 .text.HAL_NVIC_EnableIRQ
                0x00000000080019ba       0x1c ./Drivers/STM32F1xx_HAL_Driver/Src/stm32f1xx_hal_cortex.o
                0x00000000080019ba                HAL_NVIC_EnableIRQ
 .text.HAL_SYSTICK_Config
                0x00000000080019d6       0x18 ./Drivers/STM32F1xx_HAL_Driver/Src/stm32f1xx_hal_cortex.o
                0x00000000080019d6                HAL_SYSTICK_Config
 .text.HAL_DMA_Abort
                0x00000000080019ee       0x76 ./Drivers/STM32F1xx_HAL_Driver/Src/stm32f1xx_hal_dma.o
                0x00000000080019ee                HAL_DMA_Abort
 .text.HAL_DMA_Abort_IT
                0x0000000008001a64       0xf0 ./Drivers/STM32F1xx_HAL_Driver/Src/stm32f1xx_hal_dma.o
                0x0000000008001a64                HAL_DMA_Abort_IT
 .text.HAL_FLASH_Program
                0x0000000008001b54       0xe0 ./Drivers/STM32F1xx_HAL_Driver/Src/stm32f1xx_hal_flash.o
                0x0000000008001b54                HAL_FLASH_Program
 .text.HAL_FLASH_Unlock
                0x0000000008001c34       0x4c ./Drivers/STM32F1xx_HAL_Driver/Src/stm32f1xx_hal_flash.o
                0x0000000008001c34                HAL_FLASH_Unlock
 .text.HAL_FLASH_Lock
                0x0000000008001c80       0x20 ./Drivers/STM32F1xx_HAL_Driver/Src/stm32f1xx_hal_flash.o
                0x0000000008001c80                HAL_FLASH_Lock
 .text.FLASH_Program_HalfWord
                0x0000000008001ca0       0x38 ./Drivers/STM32F1xx_HAL_Driver/Src/stm32f1xx_hal_flash.o
 .text.FLASH_WaitForLastOperation
                0x0000000008001cd8       0x8c ./Drivers/STM32F1xx_HAL_Driver/Src/stm32f1xx_hal_flash.o
                0x0000000008001cd8                FLASH_WaitForLastOperation
 .text.FLASH_SetErrorCode
                0x0000000008001d64       0xa0 ./Drivers/STM32F1xx_HAL_Driver/Src/stm32f1xx_hal_flash.o
 .text.HAL_FLASHEx_Erase
                0x0000000008001e04       0xd8 ./Drivers/STM32F1xx_HAL_Driver/Src/stm32f1xx_hal_flash_ex.o
                0x0000000008001e04                HAL_FLASHEx_Erase
 .text.FLASH_MassErase
                0x0000000008001edc       0x38 ./Drivers/STM32F1xx_HAL_Driver/Src/stm32f1xx_hal_flash_ex.o
 .text.FLASH_PageErase
                0x0000000008001f14       0x40 ./Drivers/STM32F1xx_HAL_Driver/Src/stm32f1xx_hal_flash_ex.o
                0x0000000008001f14                FLASH_PageErase
 .text.HAL_GPIO_Init
                0x0000000008001f54      0x308 ./Drivers/STM32F1xx_HAL_Driver/Src/stm32f1xx_hal_gpio.o
                0x0000000008001f54                HAL_GPIO_Init
 .text.HAL_GPIO_ReadPin
                0x000000000800225c       0x2e ./Drivers/STM32F1xx_HAL_Driver/Src/stm32f1xx_hal_gpio.o
                0x000000000800225c                HAL_GPIO_ReadPin
 .text.HAL_GPIO_WritePin
                0x000000000800228a       0x30 ./Drivers/STM32F1xx_HAL_Driver/Src/stm32f1xx_hal_gpio.o
                0x000000000800228a                HAL_GPIO_WritePin
 .text.HAL_GPIO_TogglePin
                0x00000000080022ba       0x32 ./Drivers/STM32F1xx_HAL_Driver/Src/stm32f1xx_hal_gpio.o
                0x00000000080022ba                HAL_GPIO_TogglePin
 .text.HAL_RCC_OscConfig
                0x00000000080022ec      0x504 ./Drivers/STM32F1xx_HAL_Driver/Src/stm32f1xx_hal_rcc.o
                0x00000000080022ec                HAL_RCC_OscConfig
 .text.HAL_RCC_ClockConfig
                0x00000000080027f0      0x1d4 ./Drivers/STM32F1xx_HAL_Driver/Src/stm32f1xx_hal_rcc.o
                0x00000000080027f0                HAL_RCC_ClockConfig
 .text.HAL_RCC_GetSysClockFreq
                0x00000000080029c4       0xa8 ./Drivers/STM32F1xx_HAL_Driver/Src/stm32f1xx_hal_rcc.o
                0x00000000080029c4                HAL_RCC_GetSysClockFreq
 .text.HAL_RCC_GetHCLKFreq
                0x0000000008002a6c       0x14 ./Drivers/STM32F1xx_HAL_Driver/Src/stm32f1xx_hal_rcc.o
                0x0000000008002a6c                HAL_RCC_GetHCLKFreq
 .text.HAL_RCC_GetPCLK1Freq
                0x0000000008002a80       0x28 ./Drivers/STM32F1xx_HAL_Driver/Src/stm32f1xx_hal_rcc.o
                0x0000000008002a80                HAL_RCC_GetPCLK1Freq
 .text.HAL_RCC_GetPCLK2Freq
                0x0000000008002aa8       0x28 ./Drivers/STM32F1xx_HAL_Driver/Src/stm32f1xx_hal_rcc.o
                0x0000000008002aa8                HAL_RCC_GetPCLK2Freq
 .text.RCC_Delay
                0x0000000008002ad0       0x3c ./Drivers/STM32F1xx_HAL_Driver/Src/stm32f1xx_hal_rcc.o
 .text.HAL_TIM_Base_Init
                0x0000000008002b0c       0x9e ./Drivers/STM32F1xx_HAL_Driver/Src/stm32f1xx_hal_tim.o
                0x0000000008002b0c                HAL_TIM_Base_Init
 *fill*         0x0000000008002baa        0x2 
 .text.HAL_TIM_Base_Start_IT
                0x0000000008002bac       0xa4 ./Drivers/STM32F1xx_HAL_Driver/Src/stm32f1xx_hal_tim.o
                0x0000000008002bac                HAL_TIM_Base_Start_IT
 .text.HAL_TIM_IRQHandler
                0x0000000008002c50      0x210 ./Drivers/STM32F1xx_HAL_Driver/Src/stm32f1xx_hal_tim.o
                0x0000000008002c50                HAL_TIM_IRQHandler
 .text.HAL_TIM_ConfigClockSource
                0x0000000008002e60      0x18e ./Drivers/STM32F1xx_HAL_Driver/Src/stm32f1xx_hal_tim.o
                0x0000000008002e60                HAL_TIM_ConfigClockSource
 .text.HAL_TIM_OC_DelayElapsedCallback
                0x0000000008002fee       0x12 ./Drivers/STM32F1xx_HAL_Driver/Src/stm32f1xx_hal_tim.o
                0x0000000008002fee                HAL_TIM_OC_DelayElapsedCallback
 .text.HAL_TIM_IC_CaptureCallback
                0x0000000008003000       0x12 ./Drivers/STM32F1xx_HAL_Driver/Src/stm32f1xx_hal_tim.o
                0x0000000008003000                HAL_TIM_IC_CaptureCallback
 .text.HAL_TIM_PWM_PulseFinishedCallback
                0x0000000008003012       0x12 ./Drivers/STM32F1xx_HAL_Driver/Src/stm32f1xx_hal_tim.o
                0x0000000008003012                HAL_TIM_PWM_PulseFinishedCallback
 .text.HAL_TIM_TriggerCallback
                0x0000000008003024       0x12 ./Drivers/STM32F1xx_HAL_Driver/Src/stm32f1xx_hal_tim.o
                0x0000000008003024                HAL_TIM_TriggerCallback
 *fill*         0x0000000008003036        0x2 
 .text.TIM_Base_SetConfig
                0x0000000008003038       0xc4 ./Drivers/STM32F1xx_HAL_Driver/Src/stm32f1xx_hal_tim.o
                0x0000000008003038                TIM_Base_SetConfig
 .text.TIM_TI1_ConfigInputStage
                0x00000000080030fc       0x5c ./Drivers/STM32F1xx_HAL_Driver/Src/stm32f1xx_hal_tim.o
 .text.TIM_TI2_ConfigInputStage
                0x0000000008003158       0x5e ./Drivers/STM32F1xx_HAL_Driver/Src/stm32f1xx_hal_tim.o
 .text.TIM_ITRx_SetConfig
                0x00000000080031b6       0x34 ./Drivers/STM32F1xx_HAL_Driver/Src/stm32f1xx_hal_tim.o
 .text.TIM_ETR_SetConfig
                0x00000000080031ea       0x3e ./Drivers/STM32F1xx_HAL_Driver/Src/stm32f1xx_hal_tim.o
                0x00000000080031ea                TIM_ETR_SetConfig
 .text.HAL_TIMEx_MasterConfigSynchronization
                0x0000000008003228       0xbc ./Drivers/STM32F1xx_HAL_Driver/Src/stm32f1xx_hal_tim_ex.o
                0x0000000008003228                HAL_TIMEx_MasterConfigSynchronization
 .text.HAL_TIMEx_CommutCallback
                0x00000000080032e4       0x12 ./Drivers/STM32F1xx_HAL_Driver/Src/stm32f1xx_hal_tim_ex.o
                0x00000000080032e4                HAL_TIMEx_CommutCallback
 .text.HAL_TIMEx_BreakCallback
                0x00000000080032f6       0x12 ./Drivers/STM32F1xx_HAL_Driver/Src/stm32f1xx_hal_tim_ex.o
                0x00000000080032f6                HAL_TIMEx_BreakCallback
 .text.HAL_UART_Init
                0x0000000008003308       0xa0 ./Drivers/STM32F1xx_HAL_Driver/Src/stm32f1xx_hal_uart.o
                0x0000000008003308                HAL_UART_Init
 .text.HAL_UART_Transmit
                0x00000000080033a8      0x106 ./Drivers/STM32F1xx_HAL_Driver/Src/stm32f1xx_hal_uart.o
                0x00000000080033a8                HAL_UART_Transmit
 .text.HAL_UART_Receive_IT
                0x00000000080034ae       0x4a ./Drivers/STM32F1xx_HAL_Driver/Src/stm32f1xx_hal_uart.o
                0x00000000080034ae                HAL_UART_Receive_IT
 .text.HAL_UART_IRQHandler
                0x00000000080034f8      0x524 ./Drivers/STM32F1xx_HAL_Driver/Src/stm32f1xx_hal_uart.o
                0x00000000080034f8                HAL_UART_IRQHandler
 .text.HAL_UART_TxCpltCallback
                0x0000000008003a1c       0x12 ./Drivers/STM32F1xx_HAL_Driver/Src/stm32f1xx_hal_uart.o
                0x0000000008003a1c                HAL_UART_TxCpltCallback
 .text.HAL_UART_ErrorCallback
                0x0000000008003a2e       0x12 ./Drivers/STM32F1xx_HAL_Driver/Src/stm32f1xx_hal_uart.o
                0x0000000008003a2e                HAL_UART_ErrorCallback
 .text.HAL_UARTEx_RxEventCallback
                0x0000000008003a40       0x16 ./Drivers/STM32F1xx_HAL_Driver/Src/stm32f1xx_hal_uart.o
                0x0000000008003a40                HAL_UARTEx_RxEventCallback
 .text.UART_WaitOnFlagUntilTimeout
                0x0000000008003a56       0xdc ./Drivers/STM32F1xx_HAL_Driver/Src/stm32f1xx_hal_uart.o
 .text.UART_Start_Receive_IT
                0x0000000008003b32       0x72 ./Drivers/STM32F1xx_HAL_Driver/Src/stm32f1xx_hal_uart.o
                0x0000000008003b32                UART_Start_Receive_IT
 .text.UART_EndRxTransfer
                0x0000000008003ba4       0xc4 ./Drivers/STM32F1xx_HAL_Driver/Src/stm32f1xx_hal_uart.o
 .text.UART_DMAAbortOnError
                0x0000000008003c68       0x28 ./Drivers/STM32F1xx_HAL_Driver/Src/stm32f1xx_hal_uart.o
 .text.UART_Transmit_IT
                0x0000000008003c90       0x9e ./Drivers/STM32F1xx_HAL_Driver/Src/stm32f1xx_hal_uart.o
 .text.UART_EndTransmit_IT
                0x0000000008003d2e       0x30 ./Drivers/STM32F1xx_HAL_Driver/Src/stm32f1xx_hal_uart.o
 .text.UART_Receive_IT
                0x0000000008003d5e      0x17c ./Drivers/STM32F1xx_HAL_Driver/Src/stm32f1xx_hal_uart.o
 *fill*         0x0000000008003eda        0x2 
 .text.UART_SetConfig
                0x0000000008003edc      0x11c ./Drivers/STM32F1xx_HAL_Driver/Src/stm32f1xx_hal_uart.o
 .text.read_flash_data_for_CS5530
                0x0000000008003ff8       0xb4 ./User/CS5530/CS5530.o
                0x0000000008003ff8                read_flash_data_for_CS5530
 .text.ADC1_init
                0x00000000080040ac       0xe0 ./User/CS5530/CS5530.o
                0x00000000080040ac                ADC1_init
 .text.ADC_init
                0x000000000800418c       0x1c ./User/CS5530/CS5530.o
                0x000000000800418c                ADC_init
 .text.ADC_read_ad_data
                0x00000000080041a8       0x2a ./User/CS5530/CS5530.o
                0x00000000080041a8                ADC_read_ad_data
 *fill*         0x00000000080041d2        0x2 
 .text.ADC_read_value
                0x00000000080041d4       0x7c ./User/CS5530/CS5530.o
                0x00000000080041d4                ADC_read_value
 .text.CS5530_set_zero_offset
                0x0000000008004250       0x44 ./User/CS5530/CS5530.o
                0x0000000008004250                CS5530_set_zero_offset
 .text.CS5530_standardization
                0x0000000008004294       0xa8 ./User/CS5530/CS5530.o
                0x0000000008004294                CS5530_standardization
 .text.window_filter
                0x000000000800433c       0x8c ./User/CS5530/data_filter.o
                0x000000000800433c                window_filter
 .text.kalman_filter
                0x00000000080043c8      0x180 ./User/CS5530/data_filter.o
                0x00000000080043c8                kalman_filter
 .text.SPI_Delay_us
                0x0000000008004548       0x2c ./User/CS5530/soft_SPI.o
                0x0000000008004548                SPI_Delay_us
 .text.SPI_Delay_ms
                0x0000000008004574       0x30 ./User/CS5530/soft_SPI.o
                0x0000000008004574                SPI_Delay_ms
 .text.ADC_SPI_Write_Byte
                0x00000000080045a4       0x7c ./User/CS5530/soft_SPI.o
                0x00000000080045a4                ADC_SPI_Write_Byte
 .text.ADC_SPI_Write_Data
                0x0000000008004620       0x38 ./User/CS5530/soft_SPI.o
                0x0000000008004620                ADC_SPI_Write_Data
 .text.ADC_SPI_Write_Reg
                0x0000000008004658       0x22 ./User/CS5530/soft_SPI.o
                0x0000000008004658                ADC_SPI_Write_Reg
 *fill*         0x000000000800467a        0x2 
 .text.ADC_SPI_Read_Byte
                0x000000000800467c       0x7c ./User/CS5530/soft_SPI.o
                0x000000000800467c                ADC_SPI_Read_Byte
 .text.ADC_SPI_Read_Data
                0x00000000080046f8       0x3a ./User/CS5530/soft_SPI.o
                0x00000000080046f8                ADC_SPI_Read_Data
 *fill*         0x0000000008004732        0x2 
 .text.ADC_SPI_Read_Reg
                0x0000000008004734       0x30 ./User/CS5530/soft_SPI.o
                0x0000000008004734                ADC_SPI_Read_Reg
 .text.message_set_zero
                0x0000000008004764       0x70 ./User/modbus/message.o
                0x0000000008004764                message_set_zero
 .text.message_standardization
                0x00000000080047d4       0x88 ./User/modbus/message.o
                0x00000000080047d4                message_standardization
 .text.message_standardization32
                0x000000000800485c       0x78 ./User/modbus/message.o
                0x000000000800485c                message_standardization32
 .text.message_send_weight
                0x00000000080048d4       0xac ./User/modbus/message.o
                0x00000000080048d4                message_send_weight
 .text.message_send_AD
                0x0000000008004980       0x90 ./User/modbus/message.o
                0x0000000008004980                message_send_AD
 .text.message_send_version
                0x0000000008004a10       0x90 ./User/modbus/message.o
                0x0000000008004a10                message_send_version
 .text.message_set_address
                0x0000000008004aa0       0x78 ./User/modbus/message.o
                0x0000000008004aa0                message_set_address
 .text.CRC_CHECK
                0x0000000008004b18       0x7a ./User/modbus/modbus.o
                0x0000000008004b18                CRC_CHECK
 *fill*         0x0000000008004b92        0x2 
 .text.Modbud_fun_03
                0x0000000008004b94       0x74 ./User/modbus/modbus.o
                0x0000000008004b94                Modbud_fun_03
 .text.Modbud_fun_06
                0x0000000008004c08       0x9c ./User/modbus/modbus.o
                0x0000000008004c08                Modbud_fun_06
 .text.Modbud_fun_10
                0x0000000008004ca4       0x54 ./User/modbus/modbus.o
                0x0000000008004ca4                Modbud_fun_10
 .text.modbus_receive_packet
                0x0000000008004cf8      0x128 ./User/modbus/modbus.o
                0x0000000008004cf8                modbus_receive_packet
 .text.modbus_send_packet
                0x0000000008004e20       0x20 ./User/modbus/modbus.o
                0x0000000008004e20                modbus_send_packet
 .text.uart1_callback
                0x0000000008004e40       0x54 ./User/modbus/modbus.o
                0x0000000008004e40                uart1_callback
 .text.modbus_timeout
                0x0000000008004e94       0x4c ./User/modbus/modbus.o
                0x0000000008004e94                modbus_timeout
 .text.modbus_init
                0x0000000008004ee0       0x48 ./User/modbus/modbus.o
                0x0000000008004ee0                modbus_init
 .text.set_modbus_address
                0x0000000008004f28       0x34 ./User/modbus/modbus.o
                0x0000000008004f28                set_modbus_address
 .text.STMFLASH_ReadHalfWord
                0x0000000008004f5c       0x18 ./User/user_bsp/flash.o
                0x0000000008004f5c                STMFLASH_ReadHalfWord
 .text.STMFLASH_Write_NoCheck
                0x0000000008004f74       0x50 ./User/user_bsp/flash.o
                0x0000000008004f74                STMFLASH_Write_NoCheck
 .text.FLASH_ErasePage
                0x0000000008004fc4       0x44 ./User/user_bsp/flash.o
                0x0000000008004fc4                FLASH_ErasePage
 .text.STMFLASH_Write
                0x0000000008005008      0x254 ./User/user_bsp/flash.o
                0x0000000008005008                STMFLASH_Write
 .text.STMFLASH_Read
                0x000000000800525c       0x44 ./User/user_bsp/flash.o
                0x000000000800525c                STMFLASH_Read
 .text.modbus_uart_init
                0x00000000080052a0       0x24 ./User/user_bsp/user_uart.o
                0x00000000080052a0                modbus_uart_init
 .text.uart1_Receive_one_byte
                0x00000000080052c4       0x14 ./User/user_bsp/user_uart.o
                0x00000000080052c4                uart1_Receive_one_byte
 .text.uart1_send_data
                0x00000000080052d8       0x24 ./User/user_bsp/user_uart.o
                0x00000000080052d8                uart1_send_data
 .text.XOR_Check
                0x00000000080052fc       0x44 ./User/user_bsp/user_uart.o
                0x00000000080052fc                XOR_Check
 .text.ble_Message_analysis
                0x0000000008005340       0xbc ./User/user_bsp/user_uart.o
                0x0000000008005340                ble_Message_analysis
 .text.HAL_UART_RxCpltCallback
                0x00000000080053fc       0x74 ./User/user_bsp/user_uart.o
                0x00000000080053fc                HAL_UART_RxCpltCallback
 .text.memset   0x0000000008005470       0x10 D:/ST/STM32CubeIDE_1.13.1/STM32CubeIDE/plugins/com.st.stm32cube.ide.mcu.externaltools.gnu-tools-for-stm32.11.3.rel1.win32_1.1.100.202309141235/tools/bin/../lib/gcc/arm-none-eabi/11.3.1/../../../../arm-none-eabi/lib/thumb/v7-m/nofp\libc_nano.a(libc_a-memset.o)
                0x0000000008005470                memset
 .text.__libc_init_array
                0x0000000008005480       0x48 D:/ST/STM32CubeIDE_1.13.1/STM32CubeIDE/plugins/com.st.stm32cube.ide.mcu.externaltools.gnu-tools-for-stm32.11.3.rel1.win32_1.1.100.202309141235/tools/bin/../lib/gcc/arm-none-eabi/11.3.1/../../../../arm-none-eabi/lib/thumb/v7-m/nofp\libc_nano.a(libc_a-init.o)
                0x0000000008005480                __libc_init_array
 *(.glue_7)
 .glue_7        0x00000000080054c8        0x0 linker stubs
 *(.glue_7t)
 .glue_7t       0x00000000080054c8        0x0 linker stubs
 *(.eh_frame)
 .eh_frame      0x00000000080054c8        0x0 D:/ST/STM32CubeIDE_1.13.1/STM32CubeIDE/plugins/com.st.stm32cube.ide.mcu.externaltools.gnu-tools-for-stm32.11.3.rel1.win32_1.1.100.202309141235/tools/bin/../lib/gcc/arm-none-eabi/11.3.1/thumb/v7-m/nofp/crtbegin.o
 *(.init)
 .init          0x00000000080054c8        0x4 D:/ST/STM32CubeIDE_1.13.1/STM32CubeIDE/plugins/com.st.stm32cube.ide.mcu.externaltools.gnu-tools-for-stm32.11.3.rel1.win32_1.1.100.202309141235/tools/bin/../lib/gcc/arm-none-eabi/11.3.1/thumb/v7-m/nofp/crti.o
                0x00000000080054c8                _init
 .init          0x00000000080054cc        0x8 D:/ST/STM32CubeIDE_1.13.1/STM32CubeIDE/plugins/com.st.stm32cube.ide.mcu.externaltools.gnu-tools-for-stm32.11.3.rel1.win32_1.1.100.202309141235/tools/bin/../lib/gcc/arm-none-eabi/11.3.1/thumb/v7-m/nofp/crtn.o
 *(.fini)
 .fini          0x00000000080054d4        0x4 D:/ST/STM32CubeIDE_1.13.1/STM32CubeIDE/plugins/com.st.stm32cube.ide.mcu.externaltools.gnu-tools-for-stm32.11.3.rel1.win32_1.1.100.202309141235/tools/bin/../lib/gcc/arm-none-eabi/11.3.1/thumb/v7-m/nofp/crti.o
                0x00000000080054d4                _fini
 .fini          0x00000000080054d8        0x8 D:/ST/STM32CubeIDE_1.13.1/STM32CubeIDE/plugins/com.st.stm32cube.ide.mcu.externaltools.gnu-tools-for-stm32.11.3.rel1.win32_1.1.100.202309141235/tools/bin/../lib/gcc/arm-none-eabi/11.3.1/thumb/v7-m/nofp/crtn.o
                0x00000000080054e0                . = ALIGN (0x4)
                0x00000000080054e0                _etext = .

.vfp11_veneer   0x00000000080054e0        0x0
 .vfp11_veneer  0x00000000080054e0        0x0 linker stubs

.v4_bx          0x00000000080054e0        0x0
 .v4_bx         0x00000000080054e0        0x0 linker stubs

.iplt           0x00000000080054e0        0x0
 .iplt          0x00000000080054e0        0x0 D:/ST/STM32CubeIDE_1.13.1/STM32CubeIDE/plugins/com.st.stm32cube.ide.mcu.externaltools.gnu-tools-for-stm32.11.3.rel1.win32_1.1.100.202309141235/tools/bin/../lib/gcc/arm-none-eabi/11.3.1/thumb/v7-m/nofp/crtbegin.o

.rodata         0x00000000080054e0       0x2c
                0x00000000080054e0                . = ALIGN (0x4)
 *(.rodata)
 *(.rodata*)
 .rodata.AHBPrescTable
                0x00000000080054e0       0x10 ./Core/Src/system_stm32f1xx.o
                0x00000000080054e0                AHBPrescTable
 .rodata.APBPrescTable
                0x00000000080054f0        0x8 ./Core/Src/system_stm32f1xx.o
                0x00000000080054f0                APBPrescTable
 .rodata.aPLLMULFactorTable.1
                0x00000000080054f8       0x10 ./Drivers/STM32F1xx_HAL_Driver/Src/stm32f1xx_hal_rcc.o
 .rodata.aPredivFactorTable.0
                0x0000000008005508        0x2 ./Drivers/STM32F1xx_HAL_Driver/Src/stm32f1xx_hal_rcc.o
                0x000000000800550c                . = ALIGN (0x4)
 *fill*         0x000000000800550a        0x2 

.rel.dyn        0x000000000800550c        0x0
 .rel.iplt      0x000000000800550c        0x0 D:/ST/STM32CubeIDE_1.13.1/STM32CubeIDE/plugins/com.st.stm32cube.ide.mcu.externaltools.gnu-tools-for-stm32.11.3.rel1.win32_1.1.100.202309141235/tools/bin/../lib/gcc/arm-none-eabi/11.3.1/thumb/v7-m/nofp/crtbegin.o

.ARM.extab      0x000000000800550c        0x0
                0x000000000800550c                . = ALIGN (0x4)
 *(.ARM.extab* .gnu.linkonce.armextab.*)
                0x000000000800550c                . = ALIGN (0x4)

.ARM            0x000000000800550c        0x0
                0x000000000800550c                . = ALIGN (0x4)
                0x000000000800550c                __exidx_start = .
 *(.ARM.exidx*)
                0x000000000800550c                __exidx_end = .
                0x000000000800550c                . = ALIGN (0x4)

.preinit_array  0x000000000800550c        0x0
                0x000000000800550c                . = ALIGN (0x4)
                0x000000000800550c                PROVIDE (__preinit_array_start = .)
 *(.preinit_array*)
                0x000000000800550c                PROVIDE (__preinit_array_end = .)
                0x000000000800550c                . = ALIGN (0x4)

.init_array     0x000000000800550c        0x4
                0x000000000800550c                . = ALIGN (0x4)
                0x000000000800550c                PROVIDE (__init_array_start = .)
 *(SORT_BY_NAME(.init_array.*))
 *(.init_array*)
 .init_array    0x000000000800550c        0x4 D:/ST/STM32CubeIDE_1.13.1/STM32CubeIDE/plugins/com.st.stm32cube.ide.mcu.externaltools.gnu-tools-for-stm32.11.3.rel1.win32_1.1.100.202309141235/tools/bin/../lib/gcc/arm-none-eabi/11.3.1/thumb/v7-m/nofp/crtbegin.o
                0x0000000008005510                PROVIDE (__init_array_end = .)
                0x0000000008005510                . = ALIGN (0x4)

.fini_array     0x0000000008005510        0x4
                0x0000000008005510                . = ALIGN (0x4)
                [!provide]                        PROVIDE (__fini_array_start = .)
 *(SORT_BY_NAME(.fini_array.*))
 *(.fini_array*)
 .fini_array    0x0000000008005510        0x4 D:/ST/STM32CubeIDE_1.13.1/STM32CubeIDE/plugins/com.st.stm32cube.ide.mcu.externaltools.gnu-tools-for-stm32.11.3.rel1.win32_1.1.100.202309141235/tools/bin/../lib/gcc/arm-none-eabi/11.3.1/thumb/v7-m/nofp/crtbegin.o
                [!provide]                        PROVIDE (__fini_array_end = .)
                0x0000000008005514                . = ALIGN (0x4)
                0x0000000008005514                _sidata = LOADADDR (.data)

.data           0x0000000020000000       0x1c load address 0x0000000008005514
                0x0000000020000000                . = ALIGN (0x4)
                0x0000000020000000                _sdata = .
 *(.data)
 *(.data*)
 .data.SystemCoreClock
                0x0000000020000000        0x4 ./Core/Src/system_stm32f1xx.o
                0x0000000020000000                SystemCoreClock
 .data.uwTickPrio
                0x0000000020000004        0x4 ./Drivers/STM32F1xx_HAL_Driver/Src/stm32f1xx_hal.o
                0x0000000020000004                uwTickPrio
 .data.uwTickFreq
                0x0000000020000008        0x1 ./Drivers/STM32F1xx_HAL_Driver/Src/stm32f1xx_hal.o
                0x0000000020000008                uwTickFreq
 *fill*         0x0000000020000009        0x3 
 .data.kalman_adc_old.6
                0x000000002000000c        0x4 ./User/CS5530/data_filter.o
 .data.Q.4      0x0000000020000010        0x4 ./User/CS5530/data_filter.o
 .data.P.3      0x0000000020000014        0x4 ./User/CS5530/data_filter.o
 .data.R.2      0x0000000020000018        0x4 ./User/CS5530/data_filter.o
 *(.RamFunc)
 *(.RamFunc*)
                0x000000002000001c                . = ALIGN (0x4)
                0x000000002000001c                _edata = .

.igot.plt       0x000000002000001c        0x0 load address 0x0000000008005530
 .igot.plt      0x000000002000001c        0x0 D:/ST/STM32CubeIDE_1.13.1/STM32CubeIDE/plugins/com.st.stm32cube.ide.mcu.externaltools.gnu-tools-for-stm32.11.3.rel1.win32_1.1.100.202309141235/tools/bin/../lib/gcc/arm-none-eabi/11.3.1/thumb/v7-m/nofp/crtbegin.o
                0x000000002000001c                . = ALIGN (0x4)

.bss            0x0000000020000020      0x264 load address 0x0000000008005530
                0x0000000020000020                _sbss = .
                0x0000000020000020                __bss_start__ = _sbss
 *(.bss)
 .bss           0x0000000020000020       0x1c D:/ST/STM32CubeIDE_1.13.1/STM32CubeIDE/plugins/com.st.stm32cube.ide.mcu.externaltools.gnu-tools-for-stm32.11.3.rel1.win32_1.1.100.202309141235/tools/bin/../lib/gcc/arm-none-eabi/11.3.1/thumb/v7-m/nofp/crtbegin.o
 *(.bss*)
 .bss.htim2     0x000000002000003c       0x48 ./Core/Src/tim.o
                0x000000002000003c                htim2
 .bss.htim3     0x0000000020000084       0x48 ./Core/Src/tim.o
                0x0000000020000084                htim3
 .bss.huart1    0x00000000200000cc       0x48 ./Core/Src/usart.o
                0x00000000200000cc                huart1
 .bss.huart3    0x0000000020000114       0x48 ./Core/Src/usart.o
                0x0000000020000114                huart3
 .bss.uwTick    0x000000002000015c        0x4 ./Drivers/STM32F1xx_HAL_Driver/Src/stm32f1xx_hal.o
                0x000000002000015c                uwTick
 .bss.pFlash    0x0000000020000160       0x20 ./Drivers/STM32F1xx_HAL_Driver/Src/stm32f1xx_hal_flash.o
                0x0000000020000160                pFlash
 .bss.ADC       0x0000000020000180       0x40 ./User/CS5530/CS5530.o
                0x0000000020000180                ADC
 .bss.ad1_window_buf
                0x00000000200001c0       0x28 ./User/CS5530/data_filter.o
                0x00000000200001c0                ad1_window_buf
 .bss.P1.5      0x00000000200001e8        0x4 ./User/CS5530/data_filter.o
 .bss.Kg.1      0x00000000200001ec        0x4 ./User/CS5530/data_filter.o
 .bss.ADC_OLD_Value.0
                0x00000000200001f0        0x4 ./User/CS5530/data_filter.o
 .bss.modbus_tx_buf
                0x00000000200001f4       0x1e ./User/modbus/message.o
                0x00000000200001f4                modbus_tx_buf
 .bss.tx_crc    0x0000000020000212        0x2 ./User/modbus/message.o
                0x0000000020000212                tx_crc
 .bss.modbus    0x0000000020000214       0x28 ./User/modbus/modbus.o
                0x0000000020000214                modbus
 .bss.RxBuffer  0x000000002000023c        0xa ./User/user_bsp/user_uart.o
                0x000000002000023c                RxBuffer
 *fill*         0x0000000020000246        0x2 
 .bss.ble_uart  0x0000000020000248       0x30 ./User/user_bsp/user_uart.o
                0x0000000020000248                ble_uart
 .bss.uart_RxBuffer
                0x0000000020000278        0xa ./User/user_bsp/user_uart.o
                0x0000000020000278                uart_RxBuffer
 *(COMMON)
                0x0000000020000284                . = ALIGN (0x4)
 *fill*         0x0000000020000282        0x2 
                0x0000000020000284                _ebss = .
                0x0000000020000284                __bss_end__ = _ebss

._user_heap_stack
                0x0000000020000284      0x604 load address 0x0000000008005530
                0x0000000020000288                . = ALIGN (0x8)
 *fill*         0x0000000020000284        0x4 
                [!provide]                        PROVIDE (end = .)
                0x0000000020000288                PROVIDE (_end = .)
                0x0000000020000488                . = (. + _Min_Heap_Size)
 *fill*         0x0000000020000288      0x200 
                0x0000000020000888                . = (. + _Min_Stack_Size)
 *fill*         0x0000000020000488      0x400 
                0x0000000020000888                . = ALIGN (0x8)

/DISCARD/
 libc.a(*)
 libm.a(*)
 libgcc.a(*)

.ARM.attributes
                0x0000000000000000       0x29
 *(.ARM.attributes)
 .ARM.attributes
                0x0000000000000000       0x1d D:/ST/STM32CubeIDE_1.13.1/STM32CubeIDE/plugins/com.st.stm32cube.ide.mcu.externaltools.gnu-tools-for-stm32.11.3.rel1.win32_1.1.100.202309141235/tools/bin/../lib/gcc/arm-none-eabi/11.3.1/thumb/v7-m/nofp/crti.o
 .ARM.attributes
                0x000000000000001d       0x2d D:/ST/STM32CubeIDE_1.13.1/STM32CubeIDE/plugins/com.st.stm32cube.ide.mcu.externaltools.gnu-tools-for-stm32.11.3.rel1.win32_1.1.100.202309141235/tools/bin/../lib/gcc/arm-none-eabi/11.3.1/thumb/v7-m/nofp/crtbegin.o
 .ARM.attributes
                0x000000000000004a       0x2d ./Core/Src/gpio.o
 .ARM.attributes
                0x0000000000000077       0x2d ./Core/Src/main.o
 .ARM.attributes
                0x00000000000000a4       0x2d ./Core/Src/stm32f1xx_hal_msp.o
 .ARM.attributes
                0x00000000000000d1       0x2d ./Core/Src/stm32f1xx_it.o
 .ARM.attributes
                0x00000000000000fe       0x2d ./Core/Src/system_stm32f1xx.o
 .ARM.attributes
                0x000000000000012b       0x2d ./Core/Src/tim.o
 .ARM.attributes
                0x0000000000000158       0x2d ./Core/Src/usart.o
 .ARM.attributes
                0x0000000000000185       0x21 ./Core/Startup/startup_stm32f103c8tx.o
 .ARM.attributes
                0x00000000000001a6       0x2d ./Drivers/STM32F1xx_HAL_Driver/Src/stm32f1xx_hal.o
 .ARM.attributes
                0x00000000000001d3       0x2d ./Drivers/STM32F1xx_HAL_Driver/Src/stm32f1xx_hal_cortex.o
 .ARM.attributes
                0x0000000000000200       0x2d ./Drivers/STM32F1xx_HAL_Driver/Src/stm32f1xx_hal_dma.o
 .ARM.attributes
                0x000000000000022d       0x2d ./Drivers/STM32F1xx_HAL_Driver/Src/stm32f1xx_hal_flash.o
 .ARM.attributes
                0x000000000000025a       0x2d ./Drivers/STM32F1xx_HAL_Driver/Src/stm32f1xx_hal_flash_ex.o
 .ARM.attributes
                0x0000000000000287       0x2d ./Drivers/STM32F1xx_HAL_Driver/Src/stm32f1xx_hal_gpio.o
 .ARM.attributes
                0x00000000000002b4       0x2d ./Drivers/STM32F1xx_HAL_Driver/Src/stm32f1xx_hal_rcc.o
 .ARM.attributes
                0x00000000000002e1       0x2d ./Drivers/STM32F1xx_HAL_Driver/Src/stm32f1xx_hal_tim.o
 .ARM.attributes
                0x000000000000030e       0x2d ./Drivers/STM32F1xx_HAL_Driver/Src/stm32f1xx_hal_tim_ex.o
 .ARM.attributes
                0x000000000000033b       0x2d ./Drivers/STM32F1xx_HAL_Driver/Src/stm32f1xx_hal_uart.o
 .ARM.attributes
                0x0000000000000368       0x2d ./User/CS5530/CS5530.o
 .ARM.attributes
                0x0000000000000395       0x2d ./User/CS5530/data_filter.o
 .ARM.attributes
                0x00000000000003c2       0x2d ./User/CS5530/soft_SPI.o
 .ARM.attributes
                0x00000000000003ef       0x2d ./User/modbus/message.o
 .ARM.attributes
                0x000000000000041c       0x2d ./User/modbus/modbus.o
 .ARM.attributes
                0x0000000000000449       0x2d ./User/user_bsp/flash.o
 .ARM.attributes
                0x0000000000000476       0x2d ./User/user_bsp/user_uart.o
 .ARM.attributes
                0x00000000000004a3       0x2d D:/ST/STM32CubeIDE_1.13.1/STM32CubeIDE/plugins/com.st.stm32cube.ide.mcu.externaltools.gnu-tools-for-stm32.11.3.rel1.win32_1.1.100.202309141235/tools/bin/../lib/gcc/arm-none-eabi/11.3.1/../../../../arm-none-eabi/lib/thumb/v7-m/nofp\libc_nano.a(libc_a-memset.o)
 .ARM.attributes
                0x00000000000004d0       0x2d D:/ST/STM32CubeIDE_1.13.1/STM32CubeIDE/plugins/com.st.stm32cube.ide.mcu.externaltools.gnu-tools-for-stm32.11.3.rel1.win32_1.1.100.202309141235/tools/bin/../lib/gcc/arm-none-eabi/11.3.1/../../../../arm-none-eabi/lib/thumb/v7-m/nofp\libc_nano.a(libc_a-init.o)
 .ARM.attributes
                0x00000000000004fd       0x1d D:/ST/STM32CubeIDE_1.13.1/STM32CubeIDE/plugins/com.st.stm32cube.ide.mcu.externaltools.gnu-tools-for-stm32.11.3.rel1.win32_1.1.100.202309141235/tools/bin/../lib/gcc/arm-none-eabi/11.3.1/thumb/v7-m/nofp\libgcc.a(_arm_addsubdf3.o)
 .ARM.attributes
                0x000000000000051a       0x1d D:/ST/STM32CubeIDE_1.13.1/STM32CubeIDE/plugins/com.st.stm32cube.ide.mcu.externaltools.gnu-tools-for-stm32.11.3.rel1.win32_1.1.100.202309141235/tools/bin/../lib/gcc/arm-none-eabi/11.3.1/thumb/v7-m/nofp\libgcc.a(_arm_muldivdf3.o)
 .ARM.attributes
                0x0000000000000537       0x1d D:/ST/STM32CubeIDE_1.13.1/STM32CubeIDE/plugins/com.st.stm32cube.ide.mcu.externaltools.gnu-tools-for-stm32.11.3.rel1.win32_1.1.100.202309141235/tools/bin/../lib/gcc/arm-none-eabi/11.3.1/thumb/v7-m/nofp\libgcc.a(_arm_cmpdf2.o)
 .ARM.attributes
                0x0000000000000554       0x1d D:/ST/STM32CubeIDE_1.13.1/STM32CubeIDE/plugins/com.st.stm32cube.ide.mcu.externaltools.gnu-tools-for-stm32.11.3.rel1.win32_1.1.100.202309141235/tools/bin/../lib/gcc/arm-none-eabi/11.3.1/thumb/v7-m/nofp\libgcc.a(_arm_fixdfsi.o)
 .ARM.attributes
                0x0000000000000571       0x1d D:/ST/STM32CubeIDE_1.13.1/STM32CubeIDE/plugins/com.st.stm32cube.ide.mcu.externaltools.gnu-tools-for-stm32.11.3.rel1.win32_1.1.100.202309141235/tools/bin/../lib/gcc/arm-none-eabi/11.3.1/thumb/v7-m/nofp\libgcc.a(_arm_addsubsf3.o)
 .ARM.attributes
                0x000000000000058e       0x1d D:/ST/STM32CubeIDE_1.13.1/STM32CubeIDE/plugins/com.st.stm32cube.ide.mcu.externaltools.gnu-tools-for-stm32.11.3.rel1.win32_1.1.100.202309141235/tools/bin/../lib/gcc/arm-none-eabi/11.3.1/thumb/v7-m/nofp\libgcc.a(_arm_muldivsf3.o)
 .ARM.attributes
                0x00000000000005ab       0x1d D:/ST/STM32CubeIDE_1.13.1/STM32CubeIDE/plugins/com.st.stm32cube.ide.mcu.externaltools.gnu-tools-for-stm32.11.3.rel1.win32_1.1.100.202309141235/tools/bin/../lib/gcc/arm-none-eabi/11.3.1/thumb/v7-m/nofp\libgcc.a(_arm_fixsfsi.o)
 .ARM.attributes
                0x00000000000005c8       0x1d D:/ST/STM32CubeIDE_1.13.1/STM32CubeIDE/plugins/com.st.stm32cube.ide.mcu.externaltools.gnu-tools-for-stm32.11.3.rel1.win32_1.1.100.202309141235/tools/bin/../lib/gcc/arm-none-eabi/11.3.1/thumb/v7-m/nofp\libgcc.a(_arm_fixunssfsi.o)
 .ARM.attributes
                0x00000000000005e5       0x1d D:/ST/STM32CubeIDE_1.13.1/STM32CubeIDE/plugins/com.st.stm32cube.ide.mcu.externaltools.gnu-tools-for-stm32.11.3.rel1.win32_1.1.100.202309141235/tools/bin/../lib/gcc/arm-none-eabi/11.3.1/thumb/v7-m/nofp/crtn.o
OUTPUT(weight_control_open.elf elf32-littlearm)
LOAD linker stubs
LOAD D:/ST/STM32CubeIDE_1.13.1/STM32CubeIDE/plugins/com.st.stm32cube.ide.mcu.externaltools.gnu-tools-for-stm32.11.3.rel1.win32_1.1.100.202309141235/tools/bin/../lib/gcc/arm-none-eabi/11.3.1/../../../../arm-none-eabi/lib/thumb/v7-m/nofp\libc.a
LOAD D:/ST/STM32CubeIDE_1.13.1/STM32CubeIDE/plugins/com.st.stm32cube.ide.mcu.externaltools.gnu-tools-for-stm32.11.3.rel1.win32_1.1.100.202309141235/tools/bin/../lib/gcc/arm-none-eabi/11.3.1/../../../../arm-none-eabi/lib/thumb/v7-m/nofp\libm.a
LOAD D:/ST/STM32CubeIDE_1.13.1/STM32CubeIDE/plugins/com.st.stm32cube.ide.mcu.externaltools.gnu-tools-for-stm32.11.3.rel1.win32_1.1.100.202309141235/tools/bin/../lib/gcc/arm-none-eabi/11.3.1/thumb/v7-m/nofp\libgcc.a

.comment        0x0000000000000000       0x43
 .comment       0x0000000000000000       0x43 D:/ST/STM32CubeIDE_1.13.1/STM32CubeIDE/plugins/com.st.stm32cube.ide.mcu.externaltools.gnu-tools-for-stm32.11.3.rel1.win32_1.1.100.202309141235/tools/bin/../lib/gcc/arm-none-eabi/11.3.1/thumb/v7-m/nofp/crtbegin.o
                                         0x44 (size before relaxing)
 .comment       0x0000000000000043       0x44 ./Core/Src/gpio.o
 .comment       0x0000000000000043       0x44 ./Core/Src/main.o
 .comment       0x0000000000000043       0x44 ./Core/Src/stm32f1xx_hal_msp.o
 .comment       0x0000000000000043       0x44 ./Core/Src/stm32f1xx_it.o
 .comment       0x0000000000000043       0x44 ./Core/Src/system_stm32f1xx.o
 .comment       0x0000000000000043       0x44 ./Core/Src/tim.o
 .comment       0x0000000000000043       0x44 ./Core/Src/usart.o
 .comment       0x0000000000000043       0x44 ./Drivers/STM32F1xx_HAL_Driver/Src/stm32f1xx_hal.o
 .comment       0x0000000000000043       0x44 ./Drivers/STM32F1xx_HAL_Driver/Src/stm32f1xx_hal_cortex.o
 .comment       0x0000000000000043       0x44 ./Drivers/STM32F1xx_HAL_Driver/Src/stm32f1xx_hal_dma.o
 .comment       0x0000000000000043       0x44 ./Drivers/STM32F1xx_HAL_Driver/Src/stm32f1xx_hal_flash.o
 .comment       0x0000000000000043       0x44 ./Drivers/STM32F1xx_HAL_Driver/Src/stm32f1xx_hal_flash_ex.o
 .comment       0x0000000000000043       0x44 ./Drivers/STM32F1xx_HAL_Driver/Src/stm32f1xx_hal_gpio.o
 .comment       0x0000000000000043       0x44 ./Drivers/STM32F1xx_HAL_Driver/Src/stm32f1xx_hal_rcc.o
 .comment       0x0000000000000043       0x44 ./Drivers/STM32F1xx_HAL_Driver/Src/stm32f1xx_hal_tim.o
 .comment       0x0000000000000043       0x44 ./Drivers/STM32F1xx_HAL_Driver/Src/stm32f1xx_hal_tim_ex.o
 .comment       0x0000000000000043       0x44 ./Drivers/STM32F1xx_HAL_Driver/Src/stm32f1xx_hal_uart.o
 .comment       0x0000000000000043       0x44 ./User/CS5530/CS5530.o
 .comment       0x0000000000000043       0x44 ./User/CS5530/data_filter.o
 .comment       0x0000000000000043       0x44 ./User/CS5530/soft_SPI.o
 .comment       0x0000000000000043       0x44 ./User/modbus/message.o
 .comment       0x0000000000000043       0x44 ./User/modbus/modbus.o
 .comment       0x0000000000000043       0x44 ./User/user_bsp/flash.o
 .comment       0x0000000000000043       0x44 ./User/user_bsp/user_uart.o

.debug_info     0x0000000000000000    0x100d0
 .debug_info    0x0000000000000000      0x2b7 ./Core/Src/gpio.o
 .debug_info    0x00000000000002b7      0xa3e ./Core/Src/main.o
 .debug_info    0x0000000000000cf5      0x1f1 ./Core/Src/stm32f1xx_hal_msp.o
 .debug_info    0x0000000000000ee6      0x982 ./Core/Src/stm32f1xx_it.o
 .debug_info    0x0000000000001868      0x222 ./Core/Src/system_stm32f1xx.o
 .debug_info    0x0000000000001a8a      0xa1a ./Core/Src/tim.o
 .debug_info    0x00000000000024a4      0x982 ./Core/Src/usart.o
 .debug_info    0x0000000000002e26       0x23 ./Core/Startup/startup_stm32f103c8tx.o
 .debug_info    0x0000000000002e49      0x704 ./Drivers/STM32F1xx_HAL_Driver/Src/stm32f1xx_hal.o
 .debug_info    0x000000000000354d      0xa87 ./Drivers/STM32F1xx_HAL_Driver/Src/stm32f1xx_hal_cortex.o
 .debug_info    0x0000000000003fd4      0x6d2 ./Drivers/STM32F1xx_HAL_Driver/Src/stm32f1xx_hal_dma.o
 .debug_info    0x00000000000046a6      0x4f8 ./Drivers/STM32F1xx_HAL_Driver/Src/stm32f1xx_hal_flash.o
 .debug_info    0x0000000000004b9e      0x777 ./Drivers/STM32F1xx_HAL_Driver/Src/stm32f1xx_hal_flash_ex.o
 .debug_info    0x0000000000005315      0x5ab ./Drivers/STM32F1xx_HAL_Driver/Src/stm32f1xx_hal_gpio.o
 .debug_info    0x00000000000058c0      0x7d5 ./Drivers/STM32F1xx_HAL_Driver/Src/stm32f1xx_hal_rcc.o
 .debug_info    0x0000000000006095     0x293b ./Drivers/STM32F1xx_HAL_Driver/Src/stm32f1xx_hal_tim.o
 .debug_info    0x00000000000089d0     0x149b ./Drivers/STM32F1xx_HAL_Driver/Src/stm32f1xx_hal_tim_ex.o
 .debug_info    0x0000000000009e6b     0x2fa8 ./Drivers/STM32F1xx_HAL_Driver/Src/stm32f1xx_hal_uart.o
 .debug_info    0x000000000000ce13      0xb56 ./User/CS5530/CS5530.o
 .debug_info    0x000000000000d969      0x52c ./User/CS5530/data_filter.o
 .debug_info    0x000000000000de95      0x32e ./User/CS5530/soft_SPI.o
 .debug_info    0x000000000000e1c3      0x47e ./User/modbus/message.o
 .debug_info    0x000000000000e641      0x44d ./User/modbus/modbus.o
 .debug_info    0x000000000000ea8e      0x348 ./User/user_bsp/flash.o
 .debug_info    0x000000000000edd6     0x12fa ./User/user_bsp/user_uart.o

.debug_abbrev   0x0000000000000000     0x3030
 .debug_abbrev  0x0000000000000000      0x13f ./Core/Src/gpio.o
 .debug_abbrev  0x000000000000013f      0x249 ./Core/Src/main.o
 .debug_abbrev  0x0000000000000388       0xdb ./Core/Src/stm32f1xx_hal_msp.o
 .debug_abbrev  0x0000000000000463      0x19b ./Core/Src/stm32f1xx_it.o
 .debug_abbrev  0x00000000000005fe      0x13f ./Core/Src/system_stm32f1xx.o
 .debug_abbrev  0x000000000000073d      0x21d ./Core/Src/tim.o
 .debug_abbrev  0x000000000000095a      0x20b ./Core/Src/usart.o
 .debug_abbrev  0x0000000000000b65       0x12 ./Core/Startup/startup_stm32f103c8tx.o
 .debug_abbrev  0x0000000000000b77      0x201 ./Drivers/STM32F1xx_HAL_Driver/Src/stm32f1xx_hal.o
 .debug_abbrev  0x0000000000000d78      0x2f8 ./Drivers/STM32F1xx_HAL_Driver/Src/stm32f1xx_hal_cortex.o
 .debug_abbrev  0x0000000000001070      0x20b ./Drivers/STM32F1xx_HAL_Driver/Src/stm32f1xx_hal_dma.o
 .debug_abbrev  0x000000000000127b      0x250 ./Drivers/STM32F1xx_HAL_Driver/Src/stm32f1xx_hal_flash.o
 .debug_abbrev  0x00000000000014cb      0x247 ./Drivers/STM32F1xx_HAL_Driver/Src/stm32f1xx_hal_flash_ex.o
 .debug_abbrev  0x0000000000001712      0x1ca ./Drivers/STM32F1xx_HAL_Driver/Src/stm32f1xx_hal_gpio.o
 .debug_abbrev  0x00000000000018dc      0x2b3 ./Drivers/STM32F1xx_HAL_Driver/Src/stm32f1xx_hal_rcc.o
 .debug_abbrev  0x0000000000001b8f      0x277 ./Drivers/STM32F1xx_HAL_Driver/Src/stm32f1xx_hal_tim.o
 .debug_abbrev  0x0000000000001e06      0x282 ./Drivers/STM32F1xx_HAL_Driver/Src/stm32f1xx_hal_tim_ex.o
 .debug_abbrev  0x0000000000002088      0x2f8 ./Drivers/STM32F1xx_HAL_Driver/Src/stm32f1xx_hal_uart.o
 .debug_abbrev  0x0000000000002380      0x24e ./User/CS5530/CS5530.o
 .debug_abbrev  0x00000000000025ce      0x1be ./User/CS5530/data_filter.o
 .debug_abbrev  0x000000000000278c      0x167 ./User/CS5530/soft_SPI.o
 .debug_abbrev  0x00000000000028f3      0x160 ./User/modbus/message.o
 .debug_abbrev  0x0000000000002a53      0x19f ./User/modbus/modbus.o
 .debug_abbrev  0x0000000000002bf2      0x156 ./User/user_bsp/flash.o
 .debug_abbrev  0x0000000000002d48      0x2e8 ./User/user_bsp/user_uart.o

.debug_aranges  0x0000000000000000      0xfd0
 .debug_aranges
                0x0000000000000000       0x20 ./Core/Src/gpio.o
 .debug_aranges
                0x0000000000000020       0x38 ./Core/Src/main.o
 .debug_aranges
                0x0000000000000058       0x20 ./Core/Src/stm32f1xx_hal_msp.o
 .debug_aranges
                0x0000000000000078       0x80 ./Core/Src/stm32f1xx_it.o
 .debug_aranges
                0x00000000000000f8       0x28 ./Core/Src/system_stm32f1xx.o
 .debug_aranges
                0x0000000000000120       0x38 ./Core/Src/tim.o
 .debug_aranges
                0x0000000000000158       0x38 ./Core/Src/usart.o
 .debug_aranges
                0x0000000000000190       0x28 ./Core/Startup/startup_stm32f103c8tx.o
 .debug_aranges
                0x00000000000001b8       0xe0 ./Drivers/STM32F1xx_HAL_Driver/Src/stm32f1xx_hal.o
 .debug_aranges
                0x0000000000000298      0x100 ./Drivers/STM32F1xx_HAL_Driver/Src/stm32f1xx_hal_cortex.o
 .debug_aranges
                0x0000000000000398       0x80 ./Drivers/STM32F1xx_HAL_Driver/Src/stm32f1xx_hal_dma.o
 .debug_aranges
                0x0000000000000418       0x88 ./Drivers/STM32F1xx_HAL_Driver/Src/stm32f1xx_hal_flash.o
 .debug_aranges
                0x00000000000004a0       0x98 ./Drivers/STM32F1xx_HAL_Driver/Src/stm32f1xx_hal_flash_ex.o
 .debug_aranges
                0x0000000000000538       0x58 ./Drivers/STM32F1xx_HAL_Driver/Src/stm32f1xx_hal_gpio.o
 .debug_aranges
                0x0000000000000590       0x90 ./Drivers/STM32F1xx_HAL_Driver/Src/stm32f1xx_hal_rcc.o
 .debug_aranges
                0x0000000000000620      0x3d0 ./Drivers/STM32F1xx_HAL_Driver/Src/stm32f1xx_hal_tim.o
 .debug_aranges
                0x00000000000009f0      0x168 ./Drivers/STM32F1xx_HAL_Driver/Src/stm32f1xx_hal_tim_ex.o
 .debug_aranges
                0x0000000000000b58      0x208 ./Drivers/STM32F1xx_HAL_Driver/Src/stm32f1xx_hal_uart.o
 .debug_aranges
                0x0000000000000d60       0x50 ./User/CS5530/CS5530.o
 .debug_aranges
                0x0000000000000db0       0x50 ./User/CS5530/data_filter.o
 .debug_aranges
                0x0000000000000e00       0x58 ./User/CS5530/soft_SPI.o
 .debug_aranges
                0x0000000000000e58       0x58 ./User/modbus/message.o
 .debug_aranges
                0x0000000000000eb0       0x68 ./User/modbus/modbus.o
 .debug_aranges
                0x0000000000000f18       0x40 ./User/user_bsp/flash.o
 .debug_aranges
                0x0000000000000f58       0x78 ./User/user_bsp/user_uart.o

.debug_rnglists
                0x0000000000000000      0xc2f
 .debug_rnglists
                0x0000000000000000       0x14 ./Core/Src/gpio.o
 .debug_rnglists
                0x0000000000000014       0x27 ./Core/Src/main.o
 .debug_rnglists
                0x000000000000003b       0x13 ./Core/Src/stm32f1xx_hal_msp.o
 .debug_rnglists
                0x000000000000004e       0x5b ./Core/Src/stm32f1xx_it.o
 .debug_rnglists
                0x00000000000000a9       0x1a ./Core/Src/system_stm32f1xx.o
 .debug_rnglists
                0x00000000000000c3       0x28 ./Core/Src/tim.o
 .debug_rnglists
                0x00000000000000eb       0x26 ./Core/Src/usart.o
 .debug_rnglists
                0x0000000000000111       0x19 ./Core/Startup/startup_stm32f103c8tx.o
 .debug_rnglists
                0x000000000000012a       0xa3 ./Drivers/STM32F1xx_HAL_Driver/Src/stm32f1xx_hal.o
 .debug_rnglists
                0x00000000000001cd       0xbb ./Drivers/STM32F1xx_HAL_Driver/Src/stm32f1xx_hal_cortex.o
 .debug_rnglists
                0x0000000000000288       0x64 ./Drivers/STM32F1xx_HAL_Driver/Src/stm32f1xx_hal_dma.o
 .debug_rnglists
                0x00000000000002ec       0x66 ./Drivers/STM32F1xx_HAL_Driver/Src/stm32f1xx_hal_flash.o
 .debug_rnglists
                0x0000000000000352       0x74 ./Drivers/STM32F1xx_HAL_Driver/Src/stm32f1xx_hal_flash_ex.o
 .debug_rnglists
                0x00000000000003c6       0x3f ./Drivers/STM32F1xx_HAL_Driver/Src/stm32f1xx_hal_gpio.o
 .debug_rnglists
                0x0000000000000405       0x6c ./Drivers/STM32F1xx_HAL_Driver/Src/stm32f1xx_hal_rcc.o
 .debug_rnglists
                0x0000000000000471      0x31a ./Drivers/STM32F1xx_HAL_Driver/Src/stm32f1xx_hal_tim.o
 .debug_rnglists
                0x000000000000078b      0x125 ./Drivers/STM32F1xx_HAL_Driver/Src/stm32f1xx_hal_tim_ex.o
 .debug_rnglists
                0x00000000000008b0      0x1bc ./Drivers/STM32F1xx_HAL_Driver/Src/stm32f1xx_hal_uart.o
 .debug_rnglists
                0x0000000000000a6c       0x3a ./User/CS5530/CS5530.o
 .debug_rnglists
                0x0000000000000aa6       0x3d ./User/CS5530/data_filter.o
 .debug_rnglists
                0x0000000000000ae3       0x3d ./User/CS5530/soft_SPI.o
 .debug_rnglists
                0x0000000000000b20       0x42 ./User/modbus/message.o
 .debug_rnglists
                0x0000000000000b62       0x4b ./User/modbus/modbus.o
 .debug_rnglists
                0x0000000000000bad       0x2c ./User/user_bsp/flash.o
 .debug_rnglists
                0x0000000000000bd9       0x56 ./User/user_bsp/user_uart.o

.debug_macro    0x0000000000000000    0x18a17
 .debug_macro   0x0000000000000000      0x1bc ./Core/Src/gpio.o
 .debug_macro   0x00000000000001bc      0xa9c ./Core/Src/gpio.o
 .debug_macro   0x0000000000000c58      0x21b ./Core/Src/gpio.o
 .debug_macro   0x0000000000000e73       0x2e ./Core/Src/gpio.o
 .debug_macro   0x0000000000000ea1       0x22 ./Core/Src/gpio.o
 .debug_macro   0x0000000000000ec3       0x22 ./Core/Src/gpio.o
 .debug_macro   0x0000000000000ee5       0x8e ./Core/Src/gpio.o
 .debug_macro   0x0000000000000f73       0x51 ./Core/Src/gpio.o
 .debug_macro   0x0000000000000fc4      0x103 ./Core/Src/gpio.o
 .debug_macro   0x00000000000010c7       0x6a ./Core/Src/gpio.o
 .debug_macro   0x0000000000001131      0x1df ./Core/Src/gpio.o
 .debug_macro   0x0000000000001310       0x1c ./Core/Src/gpio.o
 .debug_macro   0x000000000000132c       0x22 ./Core/Src/gpio.o
 .debug_macro   0x000000000000134e       0xbd ./Core/Src/gpio.o
 .debug_macro   0x000000000000140b      0xd23 ./Core/Src/gpio.o
 .debug_macro   0x000000000000212e     0xe09e ./Core/Src/gpio.o
 .debug_macro   0x00000000000101cc       0x6d ./Core/Src/gpio.o
 .debug_macro   0x0000000000010239     0x348d ./Core/Src/gpio.o
 .debug_macro   0x00000000000136c6      0x174 ./Core/Src/gpio.o
 .debug_macro   0x000000000001383a       0x5c ./Core/Src/gpio.o
 .debug_macro   0x0000000000013896      0x5bc ./Core/Src/gpio.o
 .debug_macro   0x0000000000013e52      0x289 ./Core/Src/gpio.o
 .debug_macro   0x00000000000140db      0x1cb ./Core/Src/gpio.o
 .debug_macro   0x00000000000142a6      0x114 ./Core/Src/gpio.o
 .debug_macro   0x00000000000143ba      0x1b2 ./Core/Src/gpio.o
 .debug_macro   0x000000000001456c       0x27 ./Core/Src/gpio.o
 .debug_macro   0x0000000000014593      0x136 ./Core/Src/gpio.o
 .debug_macro   0x00000000000146c9      0x1bc ./Core/Src/gpio.o
 .debug_macro   0x0000000000014885       0x34 ./Core/Src/gpio.o
 .debug_macro   0x00000000000148b9       0x3c ./Core/Src/gpio.o
 .debug_macro   0x00000000000148f5       0x57 ./Core/Src/gpio.o
 .debug_macro   0x000000000001494c       0x87 ./Core/Src/gpio.o
 .debug_macro   0x00000000000149d3      0x240 ./Core/Src/gpio.o
 .debug_macro   0x0000000000014c13      0x140 ./Core/Src/gpio.o
 .debug_macro   0x0000000000014d53      0x8ed ./Core/Src/gpio.o
 .debug_macro   0x0000000000015640      0x28e ./Core/Src/gpio.o
 .debug_macro   0x00000000000158ce       0x83 ./Core/Src/gpio.o
 .debug_macro   0x0000000000015951       0x70 ./Core/Src/gpio.o
 .debug_macro   0x00000000000159c1      0x1fe ./Core/Src/main.o
 .debug_macro   0x0000000000015bbf       0x34 ./Core/Src/main.o
 .debug_macro   0x0000000000015bf3       0xdc ./Core/Src/main.o
 .debug_macro   0x0000000000015ccf       0x10 ./Core/Src/main.o
 .debug_macro   0x0000000000015cdf       0x10 ./Core/Src/main.o
 .debug_macro   0x0000000000015cef      0x1b2 ./Core/Src/stm32f1xx_hal_msp.o
 .debug_macro   0x0000000000015ea1      0x1bc ./Core/Src/stm32f1xx_it.o
 .debug_macro   0x000000000001605d      0x1a3 ./Core/Src/system_stm32f1xx.o
 .debug_macro   0x0000000000016200      0x1bc ./Core/Src/tim.o
 .debug_macro   0x00000000000163bc      0x1bc ./Core/Src/usart.o
 .debug_macro   0x0000000000016578      0x1c7 ./Drivers/STM32F1xx_HAL_Driver/Src/stm32f1xx_hal.o
 .debug_macro   0x000000000001673f      0x1a3 ./Drivers/STM32F1xx_HAL_Driver/Src/stm32f1xx_hal_cortex.o
 .debug_macro   0x00000000000168e2      0x1a3 ./Drivers/STM32F1xx_HAL_Driver/Src/stm32f1xx_hal_dma.o
 .debug_macro   0x0000000000016a85      0x1a3 ./Drivers/STM32F1xx_HAL_Driver/Src/stm32f1xx_hal_flash.o
 .debug_macro   0x0000000000016c28      0x1b5 ./Drivers/STM32F1xx_HAL_Driver/Src/stm32f1xx_hal_flash_ex.o
 .debug_macro   0x0000000000016ddd      0x20e ./Drivers/STM32F1xx_HAL_Driver/Src/stm32f1xx_hal_gpio.o
 .debug_macro   0x0000000000016feb      0x1b5 ./Drivers/STM32F1xx_HAL_Driver/Src/stm32f1xx_hal_rcc.o
 .debug_macro   0x00000000000171a0      0x1a4 ./Drivers/STM32F1xx_HAL_Driver/Src/stm32f1xx_hal_tim.o
 .debug_macro   0x0000000000017344      0x1a3 ./Drivers/STM32F1xx_HAL_Driver/Src/stm32f1xx_hal_tim_ex.o
 .debug_macro   0x00000000000174e7      0x1a4 ./Drivers/STM32F1xx_HAL_Driver/Src/stm32f1xx_hal_uart.o
 .debug_macro   0x000000000001768b      0x2d1 ./User/CS5530/CS5530.o
 .debug_macro   0x000000000001795c       0x61 ./User/CS5530/CS5530.o
 .debug_macro   0x00000000000179bd       0x16 ./User/CS5530/CS5530.o
 .debug_macro   0x00000000000179d3       0x16 ./User/CS5530/CS5530.o
 .debug_macro   0x00000000000179e9      0x19b ./User/CS5530/CS5530.o
 .debug_macro   0x0000000000017b84       0x46 ./User/CS5530/CS5530.o
 .debug_macro   0x0000000000017bca       0xb2 ./User/CS5530/CS5530.o
 .debug_macro   0x0000000000017c7c      0x2bc ./User/CS5530/data_filter.o
 .debug_macro   0x0000000000017f38      0x1c1 ./User/CS5530/soft_SPI.o
 .debug_macro   0x00000000000180f9       0x2e ./User/CS5530/soft_SPI.o
 .debug_macro   0x0000000000018127      0x1ef ./User/modbus/message.o
 .debug_macro   0x0000000000018316      0x1fa ./User/modbus/modbus.o
 .debug_macro   0x0000000000018510      0x1c1 ./User/user_bsp/flash.o
 .debug_macro   0x00000000000186d1       0xac ./User/user_bsp/flash.o
 .debug_macro   0x000000000001877d      0x29a ./User/user_bsp/user_uart.o

.debug_line     0x0000000000000000    0x14709
 .debug_line    0x0000000000000000      0x72b ./Core/Src/gpio.o
 .debug_line    0x000000000000072b      0x9d3 ./Core/Src/main.o
 .debug_line    0x00000000000010fe      0x706 ./Core/Src/stm32f1xx_hal_msp.o
 .debug_line    0x0000000000001804      0x827 ./Core/Src/stm32f1xx_it.o
 .debug_line    0x000000000000202b      0x783 ./Core/Src/system_stm32f1xx.o
 .debug_line    0x00000000000027ae      0x7e6 ./Core/Src/tim.o
 .debug_line    0x0000000000002f94      0x7ea ./Core/Src/usart.o
 .debug_line    0x000000000000377e       0x78 ./Core/Startup/startup_stm32f103c8tx.o
 .debug_line    0x00000000000037f6      0x9b0 ./Drivers/STM32F1xx_HAL_Driver/Src/stm32f1xx_hal.o
 .debug_line    0x00000000000041a6      0xb98 ./Drivers/STM32F1xx_HAL_Driver/Src/stm32f1xx_hal_cortex.o
 .debug_line    0x0000000000004d3e      0xe09 ./Drivers/STM32F1xx_HAL_Driver/Src/stm32f1xx_hal_dma.o
 .debug_line    0x0000000000005b47      0xa8d ./Drivers/STM32F1xx_HAL_Driver/Src/stm32f1xx_hal_flash.o
 .debug_line    0x00000000000065d4      0xb68 ./Drivers/STM32F1xx_HAL_Driver/Src/stm32f1xx_hal_flash_ex.o
 .debug_line    0x000000000000713c      0xa49 ./Drivers/STM32F1xx_HAL_Driver/Src/stm32f1xx_hal_gpio.o
 .debug_line    0x0000000000007b85      0xdb9 ./Drivers/STM32F1xx_HAL_Driver/Src/stm32f1xx_hal_rcc.o
 .debug_line    0x000000000000893e     0x349c ./Drivers/STM32F1xx_HAL_Driver/Src/stm32f1xx_hal_tim.o
 .debug_line    0x000000000000bdda     0x190f ./Drivers/STM32F1xx_HAL_Driver/Src/stm32f1xx_hal_tim_ex.o
 .debug_line    0x000000000000d6e9     0x28de ./Drivers/STM32F1xx_HAL_Driver/Src/stm32f1xx_hal_uart.o
 .debug_line    0x000000000000ffc7      0xb0f ./User/CS5530/CS5530.o
 .debug_line    0x0000000000010ad6      0xc5c ./User/CS5530/data_filter.o
 .debug_line    0x0000000000011732      0x8bb ./User/CS5530/soft_SPI.o
 .debug_line    0x0000000000011fed      0x97d ./User/modbus/message.o
 .debug_line    0x000000000001296a      0xab4 ./User/modbus/modbus.o
 .debug_line    0x000000000001341e      0x88a ./User/user_bsp/flash.o
 .debug_line    0x0000000000013ca8      0xa61 ./User/user_bsp/user_uart.o

.debug_str      0x0000000000000000    0x8c544
 .debug_str     0x0000000000000000    0x83519 ./Core/Src/gpio.o
                                      0x83856 (size before relaxing)
 .debug_str     0x0000000000083519      0xdc1 ./Core/Src/main.o
                                      0x8462c (size before relaxing)
 .debug_str     0x00000000000842da       0x5a ./Core/Src/stm32f1xx_hal_msp.o
                                      0x837de (size before relaxing)
 .debug_str     0x0000000000084334      0x32c ./Core/Src/stm32f1xx_it.o
                                      0x83f63 (size before relaxing)
 .debug_str     0x0000000000084660       0x7e ./Core/Src/system_stm32f1xx.o
                                      0x8365c (size before relaxing)
 .debug_str     0x00000000000846de      0x3e6 ./Core/Src/tim.o
                                      0x84112 (size before relaxing)
 .debug_str     0x0000000000084ac4       0x61 ./Core/Src/usart.o
                                      0x83fd4 (size before relaxing)
 .debug_str     0x0000000000084b25       0x34 ./Core/Startup/startup_stm32f103c8tx.o
                                         0xbf (size before relaxing)
 .debug_str     0x0000000000084b59      0x384 ./Drivers/STM32F1xx_HAL_Driver/Src/stm32f1xx_hal.o
                                      0x83d8f (size before relaxing)
 .debug_str     0x0000000000084edd      0x28a ./Drivers/STM32F1xx_HAL_Driver/Src/stm32f1xx_hal_cortex.o
                                      0x83cdb (size before relaxing)
 .debug_str     0x0000000000085167      0x230 ./Drivers/STM32F1xx_HAL_Driver/Src/stm32f1xx_hal_dma.o
                                      0x83a05 (size before relaxing)
 .debug_str     0x0000000000085397      0x296 ./Drivers/STM32F1xx_HAL_Driver/Src/stm32f1xx_hal_flash.o
                                      0x83937 (size before relaxing)
 .debug_str     0x000000000008562d      0x353 ./Drivers/STM32F1xx_HAL_Driver/Src/stm32f1xx_hal_flash_ex.o
                                      0x83ae5 (size before relaxing)
 .debug_str     0x0000000000085980      0x2ce ./Drivers/STM32F1xx_HAL_Driver/Src/stm32f1xx_hal_gpio.o
                                      0x839e2 (size before relaxing)
 .debug_str     0x0000000000085c4e      0x229 ./Drivers/STM32F1xx_HAL_Driver/Src/stm32f1xx_hal_rcc.o
                                      0x83a8b (size before relaxing)
 .debug_str     0x0000000000085e77      0xdb9 ./Drivers/STM32F1xx_HAL_Driver/Src/stm32f1xx_hal_tim.o
                                      0x84a7d (size before relaxing)
 .debug_str     0x0000000000086c30      0x493 ./Drivers/STM32F1xx_HAL_Driver/Src/stm32f1xx_hal_tim_ex.o
                                      0x84299 (size before relaxing)
 .debug_str     0x00000000000870c3      0x5fd ./Drivers/STM32F1xx_HAL_Driver/Src/stm32f1xx_hal_uart.o
                                      0x840fc (size before relaxing)
 .debug_str     0x00000000000876c0     0x44dd ./User/CS5530/CS5530.o
                                      0x888ef (size before relaxing)
 .debug_str     0x000000000008bb9d      0x21e ./User/CS5530/data_filter.o
                                      0x879a7 (size before relaxing)
 .debug_str     0x000000000008bdbb       0x51 ./User/CS5530/soft_SPI.o
                                      0x83a88 (size before relaxing)
 .debug_str     0x000000000008be0c      0x218 ./User/modbus/message.o
                                      0x840db (size before relaxing)
 .debug_str     0x000000000008c024       0xa3 ./User/modbus/modbus.o
                                      0x8431e (size before relaxing)
 .debug_str     0x000000000008c0c7       0xdb ./User/user_bsp/flash.o
                                      0x83c5f (size before relaxing)
 .debug_str     0x000000000008c1a2      0x3a2 ./User/user_bsp/user_uart.o
                                      0x87a80 (size before relaxing)

.debug_frame    0x0000000000000000     0x41c8
 .debug_frame   0x0000000000000000       0x34 ./Core/Src/gpio.o
 .debug_frame   0x0000000000000034       0x8c ./Core/Src/main.o
 .debug_frame   0x00000000000000c0       0x38 ./Core/Src/stm32f1xx_hal_msp.o
 .debug_frame   0x00000000000000f8      0x174 ./Core/Src/stm32f1xx_it.o
 .debug_frame   0x000000000000026c       0x58 ./Core/Src/system_stm32f1xx.o
 .debug_frame   0x00000000000002c4       0xa0 ./Core/Src/tim.o
 .debug_frame   0x0000000000000364       0x90 ./Core/Src/usart.o
 .debug_frame   0x00000000000003f4      0x334 ./Drivers/STM32F1xx_HAL_Driver/Src/stm32f1xx_hal.o
 .debug_frame   0x0000000000000728      0x428 ./Drivers/STM32F1xx_HAL_Driver/Src/stm32f1xx_hal_cortex.o
 .debug_frame   0x0000000000000b50      0x208 ./Drivers/STM32F1xx_HAL_Driver/Src/stm32f1xx_hal_dma.o
 .debug_frame   0x0000000000000d58      0x20c ./Drivers/STM32F1xx_HAL_Driver/Src/stm32f1xx_hal_flash.o
 .debug_frame   0x0000000000000f64      0x258 ./Drivers/STM32F1xx_HAL_Driver/Src/stm32f1xx_hal_flash_ex.o
 .debug_frame   0x00000000000011bc      0x14c ./Drivers/STM32F1xx_HAL_Driver/Src/stm32f1xx_hal_gpio.o
 .debug_frame   0x0000000000001308      0x218 ./Drivers/STM32F1xx_HAL_Driver/Src/stm32f1xx_hal_rcc.o
 .debug_frame   0x0000000000001520     0x11bc ./Drivers/STM32F1xx_HAL_Driver/Src/stm32f1xx_hal_tim.o
 .debug_frame   0x00000000000026dc      0x638 ./Drivers/STM32F1xx_HAL_Driver/Src/stm32f1xx_hal_tim_ex.o
 .debug_frame   0x0000000000002d14      0x944 ./Drivers/STM32F1xx_HAL_Driver/Src/stm32f1xx_hal_uart.o
 .debug_frame   0x0000000000003658      0x100 ./User/CS5530/CS5530.o
 .debug_frame   0x0000000000003758      0x124 ./User/CS5530/data_filter.o
 .debug_frame   0x000000000000387c      0x134 ./User/CS5530/soft_SPI.o
 .debug_frame   0x00000000000039b0      0x128 ./User/modbus/message.o
 .debug_frame   0x0000000000003ad8      0x174 ./User/modbus/modbus.o
 .debug_frame   0x0000000000003c4c       0xd4 ./User/user_bsp/flash.o
 .debug_frame   0x0000000000003d20      0x1ac ./User/user_bsp/user_uart.o
 .debug_frame   0x0000000000003ecc       0x20 D:/ST/STM32CubeIDE_1.13.1/STM32CubeIDE/plugins/com.st.stm32cube.ide.mcu.externaltools.gnu-tools-for-stm32.11.3.rel1.win32_1.1.100.202309141235/tools/bin/../lib/gcc/arm-none-eabi/11.3.1/../../../../arm-none-eabi/lib/thumb/v7-m/nofp\libc_nano.a(libc_a-memset.o)
 .debug_frame   0x0000000000003eec       0x2c D:/ST/STM32CubeIDE_1.13.1/STM32CubeIDE/plugins/com.st.stm32cube.ide.mcu.externaltools.gnu-tools-for-stm32.11.3.rel1.win32_1.1.100.202309141235/tools/bin/../lib/gcc/arm-none-eabi/11.3.1/../../../../arm-none-eabi/lib/thumb/v7-m/nofp\libc_nano.a(libc_a-init.o)
 .debug_frame   0x0000000000003f18       0xac D:/ST/STM32CubeIDE_1.13.1/STM32CubeIDE/plugins/com.st.stm32cube.ide.mcu.externaltools.gnu-tools-for-stm32.11.3.rel1.win32_1.1.100.202309141235/tools/bin/../lib/gcc/arm-none-eabi/11.3.1/thumb/v7-m/nofp\libgcc.a(_arm_addsubdf3.o)
 .debug_frame   0x0000000000003fc4       0x50 D:/ST/STM32CubeIDE_1.13.1/STM32CubeIDE/plugins/com.st.stm32cube.ide.mcu.externaltools.gnu-tools-for-stm32.11.3.rel1.win32_1.1.100.202309141235/tools/bin/../lib/gcc/arm-none-eabi/11.3.1/thumb/v7-m/nofp\libgcc.a(_arm_muldivdf3.o)
 .debug_frame   0x0000000000004014       0xc4 D:/ST/STM32CubeIDE_1.13.1/STM32CubeIDE/plugins/com.st.stm32cube.ide.mcu.externaltools.gnu-tools-for-stm32.11.3.rel1.win32_1.1.100.202309141235/tools/bin/../lib/gcc/arm-none-eabi/11.3.1/thumb/v7-m/nofp\libgcc.a(_arm_cmpdf2.o)
 .debug_frame   0x00000000000040d8       0x24 D:/ST/STM32CubeIDE_1.13.1/STM32CubeIDE/plugins/com.st.stm32cube.ide.mcu.externaltools.gnu-tools-for-stm32.11.3.rel1.win32_1.1.100.202309141235/tools/bin/../lib/gcc/arm-none-eabi/11.3.1/thumb/v7-m/nofp\libgcc.a(_arm_fixdfsi.o)
 .debug_frame   0x00000000000040fc       0x4c D:/ST/STM32CubeIDE_1.13.1/STM32CubeIDE/plugins/com.st.stm32cube.ide.mcu.externaltools.gnu-tools-for-stm32.11.3.rel1.win32_1.1.100.202309141235/tools/bin/../lib/gcc/arm-none-eabi/11.3.1/thumb/v7-m/nofp\libgcc.a(_arm_addsubsf3.o)
 .debug_frame   0x0000000000004148       0x38 D:/ST/STM32CubeIDE_1.13.1/STM32CubeIDE/plugins/com.st.stm32cube.ide.mcu.externaltools.gnu-tools-for-stm32.11.3.rel1.win32_1.1.100.202309141235/tools/bin/../lib/gcc/arm-none-eabi/11.3.1/thumb/v7-m/nofp\libgcc.a(_arm_muldivsf3.o)
 .debug_frame   0x0000000000004180       0x24 D:/ST/STM32CubeIDE_1.13.1/STM32CubeIDE/plugins/com.st.stm32cube.ide.mcu.externaltools.gnu-tools-for-stm32.11.3.rel1.win32_1.1.100.202309141235/tools/bin/../lib/gcc/arm-none-eabi/11.3.1/thumb/v7-m/nofp\libgcc.a(_arm_fixsfsi.o)
 .debug_frame   0x00000000000041a4       0x24 D:/ST/STM32CubeIDE_1.13.1/STM32CubeIDE/plugins/com.st.stm32cube.ide.mcu.externaltools.gnu-tools-for-stm32.11.3.rel1.win32_1.1.100.202309141235/tools/bin/../lib/gcc/arm-none-eabi/11.3.1/thumb/v7-m/nofp\libgcc.a(_arm_fixunssfsi.o)

.debug_line_str
                0x0000000000000000       0xb3
 .debug_line_str
                0x0000000000000000       0xb3 ./Core/Startup/startup_stm32f103c8tx.o
                                         0xcb (size before relaxing)
